00:47:34 **** Incremental Build of configuration Debug for project 002_UART_Tx_Polling ****
make -j12 all 
arm-none-eabi-gcc "../Src/main.c" -mcpu=cortex-m4 -std=gnu11 -g3 -DUSE_HAL_DRIVER -DSTM32L476xx -c -I../Inc -I"D:/BITSILICA/SALMAN/Learning/STM32/STM32_Projects/STM32L476RG_Drivers/002_UART_Tx_Polling/Drivers/CMSIS/Include" -I"D:/BITSILICA/SALMAN/Learning/STM32/STM32_Projects/STM32L476RG_Drivers/002_UART_Tx_Polling/Drivers/CMSIS/Device/ST/STM32L4xx/Include" -I"D:/BITSILICA/SALMAN/Learning/STM32/STM32_Projects/STM32L476RG_Drivers/002_UART_Tx_Polling/Drivers/STM32L4xx_HAL_Driver/Inc" -O0 -ffunction-sections -fdata-sections -Wall -fstack-usage -fcyclomatic-complexity -MMD -MP -MF"Src/main.d" -MT"Src/main.o" --specs=nano.specs -mfpu=fpv4-sp-d16 -mfloat-abi=hard -mthumb -o "Src/main.o"
arm-none-eabi-gcc -o "002_UART_Tx_Polling.elf" @"objects.list"   -mcpu=cortex-m4 -T"D:\BITSILICA\SALMAN\Learning\STM32\STM32_Projects\STM32L476RG_Drivers\002_UART_Tx_Polling\STM32L476RGTX_FLASH.ld" --specs=nosys.specs -Wl,-Map="002_UART_Tx_Polling.map" -Wl,--gc-sections -static --specs=nano.specs -mfpu=fpv4-sp-d16 -mfloat-abi=hard -mthumb -Wl,--start-group -lc -lm -Wl,--end-group
Finished building target: 002_UART_Tx_Polling.elf
 
arm-none-eabi-size  002_UART_Tx_Polling.elf 
arm-none-eabi-objdump -h -S 002_UART_Tx_Polling.elf  > "002_UART_Tx_Polling.list"
   text	   data	    bss	    dec	    hex	filename
   1340	     20	   1572	   2932	    b74	002_UART_Tx_Polling.elf
Finished building: default.size.stdout
 
Finished building: 002_UART_Tx_Polling.list
 

00:47:35 Build Finished. 0 errors, 0 warnings. (took 1s.403ms)

