12:34:15 **** Build of configuration Debug for project 001_GPIO_IP_OP ****
make -j12 all 
arm-none-eabi-gcc -mcpu=cortex-m4 -g3 -DDEBUG -c -x assembler-with-cpp -MMD -MP -MF"Startup/startup_stm32l476rgtx.d" -MT"Startup/startup_stm32l476rgtx.o" --specs=nano.specs -mfpu=fpv4-sp-d16 -mfloat-abi=hard -mthumb -o "Startup/startup_stm32l476rgtx.o" "../Startup/startup_stm32l476rgtx.s"
arm-none-eabi-gcc "../Src/main.c" -mcpu=cortex-m4 -std=gnu11 -g3 -DDEBUG -DSTM32L4 -DSTM32 -DNUCLEO_L476RG -DSTM32L476RGTx -c -I../Inc -O0 -ffunction-sections -fdata-sections -Wall -fstack-usage -fcyclomatic-complexity -MMD -MP -MF"Src/main.d" -MT"Src/main.o" --specs=nano.specs -mfpu=fpv4-sp-d16 -mfloat-abi=hard -mthumb -o "Src/main.o"
arm-none-eabi-gcc "../Src/syscalls.c" -mcpu=cortex-m4 -std=gnu11 -g3 -DDEBUG -DSTM32L4 -DSTM32 -DNUCLEO_L476RG -DSTM32L476RGTx -c -I../Inc -O0 -ffunction-sections -fdata-sections -Wall -fstack-usage -fcyclomatic-complexity -MMD -MP -MF"Src/syscalls.d" -MT"Src/syscalls.o" --specs=nano.specs -mfpu=fpv4-sp-d16 -mfloat-abi=hard -mthumb -o "Src/syscalls.o"
arm-none-eabi-gcc "../Src/sysmem.c" -mcpu=cortex-m4 -std=gnu11 -g3 -DDEBUG -DSTM32L4 -DSTM32 -DNUCLEO_L476RG -DSTM32L476RGTx -c -I../Inc -O0 -ffunction-sections -fdata-sections -Wall -fstack-usage -fcyclomatic-complexity -MMD -MP -MF"Src/sysmem.d" -MT"Src/sysmem.o" --specs=nano.specs -mfpu=fpv4-sp-d16 -mfloat-abi=hard -mthumb -o "Src/sysmem.o"
arm-none-eabi-gcc -o "001_GPIO_IP_OP.elf" @"objects.list"   -mcpu=cortex-m4 -T"D:\BITSILICA\SALMAN\Learning\STM32\STM32_Projects\STM32L476RG_Drivers\001_GPIO_IP_OP\STM32L476RGTX_FLASH.ld" --specs=nosys.specs -Wl,-Map="001_GPIO_IP_OP.map" -Wl,--gc-sections -static --specs=nano.specs -mfpu=fpv4-sp-d16 -mfloat-abi=hard -mthumb -Wl,--start-group -lc -lm -Wl,--end-group
Finished building target: 001_GPIO_IP_OP.elf
 
arm-none-eabi-size  001_GPIO_IP_OP.elf 
arm-none-eabi-objdump -h -S 001_GPIO_IP_OP.elf  > "001_GPIO_IP_OP.list"
   text	   data	    bss	    dec	    hex	filename
    652	      8	   1568	   2228	    8b4	001_GPIO_IP_OP.elf
Finished building: default.size.stdout
 
Finished building: 001_GPIO_IP_OP.list
 
12:34:35 **** Incremental Build of configuration Debug for project 001_GPIO_IP_OP ****
make -j12 all 
arm-none-eabi-size  001_GPIO_IP_OP.elf 
   text	   data	    bss	    dec	    hex	filename
    652	      8	   1568	   2228	    8b4	001_GPIO_IP_OP.elf
Finished building: default.size.stdout
 
14:06:44 **** Incremental Build of configuration Debug for project 001_GPIO_IP_OP ****
make -j12 all 
arm-none-eabi-size  001_GPIO_IP_OP.elf 
   text	   data	    bss	    dec	    hex	filename
    652	      8	   1568	   2228	    8b4	001_GPIO_IP_OP.elf
Finished building: default.size.stdout
 
14:34:49 **** Clean-only build of configuration Debug for project 001_GPIO_IP_OP ****
make -j12 clean 
rm -rf ./Startup/startup_stm32l476rgtx.d ./Startup/startup_stm32l476rgtx.o
rm -rf ./Src/main.cyclo ./Src/main.d ./Src/main.o ./Src/main.su ./Src/syscalls.cyclo ./Src/syscalls.d ./Src/syscalls.o ./Src/syscalls.su ./Src/sysmem.cyclo ./Src/sysmem.d ./Src/sysmem.o ./Src/sysmem.su
rm -rf 001_GPIO_IP_OP.elf 001_GPIO_IP_OP.list 001_GPIO_IP_OP.map default.size.stdout
 
14:34:50 **** Incremental Build of configuration Debug for project 001_GPIO_IP_OP ****
make -j12 all 
arm-none-eabi-gcc -mcpu=cortex-m4 -g3 -DDEBUG -c -x assembler-with-cpp -MMD -MP -MF"Startup/startup_stm32l476rgtx.d" -MT"Startup/startup_stm32l476rgtx.o" --specs=nano.specs -mfpu=fpv4-sp-d16 -mfloat-abi=hard -mthumb -o "Startup/startup_stm32l476rgtx.o" "../Startup/startup_stm32l476rgtx.s"
arm-none-eabi-gcc "../Src/main.c" -mcpu=cortex-m4 -std=gnu11 -g3 -DUSE_HAL_DRIVER -DSTM32L476xx -c -I../Inc -I"D:/BITSILICA/SALMAN/Learning/STM32/STM32_Projects/STM32L476RG_Drivers/001_GPIO_IP_OP/Drivers/CMSIS/Include" -I"D:/BITSILICA/SALMAN/Learning/STM32/STM32_Projects/STM32L476RG_Drivers/001_GPIO_IP_OP/Drivers/CMSIS/Device/ST/STM32L4xx/Include" -I"D:/BITSILICA/SALMAN/Learning/STM32/STM32_Projects/STM32L476RG_Drivers/001_GPIO_IP_OP/Drivers/STM32L4xx_HAL_Driver/Inc" -O0 -ffunction-sections -fdata-sections -Wall -fstack-usage -fcyclomatic-complexity -MMD -MP -MF"Src/main.d" -MT"Src/main.o" --specs=nano.specs -mfpu=fpv4-sp-d16 -mfloat-abi=hard -mthumb -o "Src/main.o"
arm-none-eabi-gcc "../Src/syscalls.c" -mcpu=cortex-m4 -std=gnu11 -g3 -DUSE_HAL_DRIVER -DSTM32L476xx -c -I../Inc -I"D:/BITSILICA/SALMAN/Learning/STM32/STM32_Projects/STM32L476RG_Drivers/001_GPIO_IP_OP/Drivers/CMSIS/Include" -I"D:/BITSILICA/SALMAN/Learning/STM32/STM32_Projects/STM32L476RG_Drivers/001_GPIO_IP_OP/Drivers/CMSIS/Device/ST/STM32L4xx/Include" -I"D:/BITSILICA/SALMAN/Learning/STM32/STM32_Projects/STM32L476RG_Drivers/001_GPIO_IP_OP/Drivers/STM32L4xx_HAL_Driver/Inc" -O0 -ffunction-sections -fdata-sections -Wall -fstack-usage -fcyclomatic-complexity -MMD -MP -MF"Src/syscalls.d" -MT"Src/syscalls.o" --specs=nano.specs -mfpu=fpv4-sp-d16 -mfloat-abi=hard -mthumb -o "Src/syscalls.o"
arm-none-eabi-gcc "../Src/sysmem.c" -mcpu=cortex-m4 -std=gnu11 -g3 -DUSE_HAL_DRIVER -DSTM32L476xx -c -I../Inc -I"D:/BITSILICA/SALMAN/Learning/STM32/STM32_Projects/STM32L476RG_Drivers/001_GPIO_IP_OP/Drivers/CMSIS/Include" -I"D:/BITSILICA/SALMAN/Learning/STM32/STM32_Projects/STM32L476RG_Drivers/001_GPIO_IP_OP/Drivers/CMSIS/Device/ST/STM32L4xx/Include" -I"D:/BITSILICA/SALMAN/Learning/STM32/STM32_Projects/STM32L476RG_Drivers/001_GPIO_IP_OP/Drivers/STM32L4xx_HAL_Driver/Inc" -O0 -ffunction-sections -fdata-sections -Wall -fstack-usage -fcyclomatic-complexity -MMD -MP -MF"Src/sysmem.d" -MT"Src/sysmem.o" --specs=nano.specs -mfpu=fpv4-sp-d16 -mfloat-abi=hard -mthumb -o "Src/sysmem.o"
arm-none-eabi-gcc "../Src/system_stm32l4xx.c" -mcpu=cortex-m4 -std=gnu11 -g3 -DUSE_HAL_DRIVER -DSTM32L476xx -c -I../Inc -I"D:/BITSILICA/SALMAN/Learning/STM32/STM32_Projects/STM32L476RG_Drivers/001_GPIO_IP_OP/Drivers/CMSIS/Include" -I"D:/BITSILICA/SALMAN/Learning/STM32/STM32_Projects/STM32L476RG_Drivers/001_GPIO_IP_OP/Drivers/CMSIS/Device/ST/STM32L4xx/Include" -I"D:/BITSILICA/SALMAN/Learning/STM32/STM32_Projects/STM32L476RG_Drivers/001_GPIO_IP_OP/Drivers/STM32L4xx_HAL_Driver/Inc" -O0 -ffunction-sections -fdata-sections -Wall -fstack-usage -fcyclomatic-complexity -MMD -MP -MF"Src/system_stm32l4xx.d" -MT"Src/system_stm32l4xx.o" --specs=nano.specs -mfpu=fpv4-sp-d16 -mfloat-abi=hard -mthumb -o "Src/system_stm32l4xx.o"
arm-none-eabi-gcc "../Drivers/STM32L4xx_HAL_Driver/Src/stm32l4xx_hal.c" -mcpu=cortex-m4 -std=gnu11 -g3 -DUSE_HAL_DRIVER -DSTM32L476xx -c -I../Inc -I"D:/BITSILICA/SALMAN/Learning/STM32/STM32_Projects/STM32L476RG_Drivers/001_GPIO_IP_OP/Drivers/CMSIS/Include" -I"D:/BITSILICA/SALMAN/Learning/STM32/STM32_Projects/STM32L476RG_Drivers/001_GPIO_IP_OP/Drivers/CMSIS/Device/ST/STM32L4xx/Include" -I"D:/BITSILICA/SALMAN/Learning/STM32/STM32_Projects/STM32L476RG_Drivers/001_GPIO_IP_OP/Drivers/STM32L4xx_HAL_Driver/Inc" -O0 -ffunction-sections -fdata-sections -Wall -fstack-usage -fcyclomatic-complexity -MMD -MP -MF"Drivers/STM32L4xx_HAL_Driver/Src/stm32l4xx_hal.d" -MT"Drivers/STM32L4xx_HAL_Driver/Src/stm32l4xx_hal.o" --specs=nano.specs -mfpu=fpv4-sp-d16 -mfloat-abi=hard -mthumb -o "Drivers/STM32L4xx_HAL_Driver/Src/stm32l4xx_hal.o"
arm-none-eabi-gcc "../Drivers/STM32L4xx_HAL_Driver/Src/stm32l4xx_hal_cortex.c" -mcpu=cortex-m4 -std=gnu11 -g3 -DUSE_HAL_DRIVER -DSTM32L476xx -c -I../Inc -I"D:/BITSILICA/SALMAN/Learning/STM32/STM32_Projects/STM32L476RG_Drivers/001_GPIO_IP_OP/Drivers/CMSIS/Include" -I"D:/BITSILICA/SALMAN/Learning/STM32/STM32_Projects/STM32L476RG_Drivers/001_GPIO_IP_OP/Drivers/CMSIS/Device/ST/STM32L4xx/Include" -I"D:/BITSILICA/SALMAN/Learning/STM32/STM32_Projects/STM32L476RG_Drivers/001_GPIO_IP_OP/Drivers/STM32L4xx_HAL_Driver/Inc" -O0 -ffunction-sections -fdata-sections -Wall -fstack-usage -fcyclomatic-complexity -MMD -MP -MF"Drivers/STM32L4xx_HAL_Driver/Src/stm32l4xx_hal_cortex.d" -MT"Drivers/STM32L4xx_HAL_Driver/Src/stm32l4xx_hal_cortex.o" --specs=nano.specs -mfpu=fpv4-sp-d16 -mfloat-abi=hard -mthumb -o "Drivers/STM32L4xx_HAL_Driver/Src/stm32l4xx_hal_cortex.o"
arm-none-eabi-gcc "../Drivers/STM32L4xx_HAL_Driver/Src/stm32l4xx_hal_dma.c" -mcpu=cortex-m4 -std=gnu11 -g3 -DUSE_HAL_DRIVER -DSTM32L476xx -c -I../Inc -I"D:/BITSILICA/SALMAN/Learning/STM32/STM32_Projects/STM32L476RG_Drivers/001_GPIO_IP_OP/Drivers/CMSIS/Include" -I"D:/BITSILICA/SALMAN/Learning/STM32/STM32_Projects/STM32L476RG_Drivers/001_GPIO_IP_OP/Drivers/CMSIS/Device/ST/STM32L4xx/Include" -I"D:/BITSILICA/SALMAN/Learning/STM32/STM32_Projects/STM32L476RG_Drivers/001_GPIO_IP_OP/Drivers/STM32L4xx_HAL_Driver/Inc" -O0 -ffunction-sections -fdata-sections -Wall -fstack-usage -fcyclomatic-complexity -MMD -MP -MF"Drivers/STM32L4xx_HAL_Driver/Src/stm32l4xx_hal_dma.d" -MT"Drivers/STM32L4xx_HAL_Driver/Src/stm32l4xx_hal_dma.o" --specs=nano.specs -mfpu=fpv4-sp-d16 -mfloat-abi=hard -mthumb -o "Drivers/STM32L4xx_HAL_Driver/Src/stm32l4xx_hal_dma.o"
arm-none-eabi-gcc "../Drivers/STM32L4xx_HAL_Driver/Src/stm32l4xx_hal_dma_ex.c" -mcpu=cortex-m4 -std=gnu11 -g3 -DUSE_HAL_DRIVER -DSTM32L476xx -c -I../Inc -I"D:/BITSILICA/SALMAN/Learning/STM32/STM32_Projects/STM32L476RG_Drivers/001_GPIO_IP_OP/Drivers/CMSIS/Include" -I"D:/BITSILICA/SALMAN/Learning/STM32/STM32_Projects/STM32L476RG_Drivers/001_GPIO_IP_OP/Drivers/CMSIS/Device/ST/STM32L4xx/Include" -I"D:/BITSILICA/SALMAN/Learning/STM32/STM32_Projects/STM32L476RG_Drivers/001_GPIO_IP_OP/Drivers/STM32L4xx_HAL_Driver/Inc" -O0 -ffunction-sections -fdata-sections -Wall -fstack-usage -fcyclomatic-complexity -MMD -MP -MF"Drivers/STM32L4xx_HAL_Driver/Src/stm32l4xx_hal_dma_ex.d" -MT"Drivers/STM32L4xx_HAL_Driver/Src/stm32l4xx_hal_dma_ex.o" --specs=nano.specs -mfpu=fpv4-sp-d16 -mfloat-abi=hard -mthumb -o "Drivers/STM32L4xx_HAL_Driver/Src/stm32l4xx_hal_dma_ex.o"
arm-none-eabi-gcc "../Drivers/STM32L4xx_HAL_Driver/Src/stm32l4xx_hal_exti.c" -mcpu=cortex-m4 -std=gnu11 -g3 -DUSE_HAL_DRIVER -DSTM32L476xx -c -I../Inc -I"D:/BITSILICA/SALMAN/Learning/STM32/STM32_Projects/STM32L476RG_Drivers/001_GPIO_IP_OP/Drivers/CMSIS/Include" -I"D:/BITSILICA/SALMAN/Learning/STM32/STM32_Projects/STM32L476RG_Drivers/001_GPIO_IP_OP/Drivers/CMSIS/Device/ST/STM32L4xx/Include" -I"D:/BITSILICA/SALMAN/Learning/STM32/STM32_Projects/STM32L476RG_Drivers/001_GPIO_IP_OP/Drivers/STM32L4xx_HAL_Driver/Inc" -O0 -ffunction-sections -fdata-sections -Wall -fstack-usage -fcyclomatic-complexity -MMD -MP -MF"Drivers/STM32L4xx_HAL_Driver/Src/stm32l4xx_hal_exti.d" -MT"Drivers/STM32L4xx_HAL_Driver/Src/stm32l4xx_hal_exti.o" --specs=nano.specs -mfpu=fpv4-sp-d16 -mfloat-abi=hard -mthumb -o "Drivers/STM32L4xx_HAL_Driver/Src/stm32l4xx_hal_exti.o"
arm-none-eabi-gcc "../Drivers/STM32L4xx_HAL_Driver/Src/stm32l4xx_hal_flash.c" -mcpu=cortex-m4 -std=gnu11 -g3 -DUSE_HAL_DRIVER -DSTM32L476xx -c -I../Inc -I"D:/BITSILICA/SALMAN/Learning/STM32/STM32_Projects/STM32L476RG_Drivers/001_GPIO_IP_OP/Drivers/CMSIS/Include" -I"D:/BITSILICA/SALMAN/Learning/STM32/STM32_Projects/STM32L476RG_Drivers/001_GPIO_IP_OP/Drivers/CMSIS/Device/ST/STM32L4xx/Include" -I"D:/BITSILICA/SALMAN/Learning/STM32/STM32_Projects/STM32L476RG_Drivers/001_GPIO_IP_OP/Drivers/STM32L4xx_HAL_Driver/Inc" -O0 -ffunction-sections -fdata-sections -Wall -fstack-usage -fcyclomatic-complexity -MMD -MP -MF"Drivers/STM32L4xx_HAL_Driver/Src/stm32l4xx_hal_flash.d" -MT"Drivers/STM32L4xx_HAL_Driver/Src/stm32l4xx_hal_flash.o" --specs=nano.specs -mfpu=fpv4-sp-d16 -mfloat-abi=hard -mthumb -o "Drivers/STM32L4xx_HAL_Driver/Src/stm32l4xx_hal_flash.o"
arm-none-eabi-gcc "../Drivers/STM32L4xx_HAL_Driver/Src/stm32l4xx_hal_flash_ex.c" -mcpu=cortex-m4 -std=gnu11 -g3 -DUSE_HAL_DRIVER -DSTM32L476xx -c -I../Inc -I"D:/BITSILICA/SALMAN/Learning/STM32/STM32_Projects/STM32L476RG_Drivers/001_GPIO_IP_OP/Drivers/CMSIS/Include" -I"D:/BITSILICA/SALMAN/Learning/STM32/STM32_Projects/STM32L476RG_Drivers/001_GPIO_IP_OP/Drivers/CMSIS/Device/ST/STM32L4xx/Include" -I"D:/BITSILICA/SALMAN/Learning/STM32/STM32_Projects/STM32L476RG_Drivers/001_GPIO_IP_OP/Drivers/STM32L4xx_HAL_Driver/Inc" -O0 -ffunction-sections -fdata-sections -Wall -fstack-usage -fcyclomatic-complexity -MMD -MP -MF"Drivers/STM32L4xx_HAL_Driver/Src/stm32l4xx_hal_flash_ex.d" -MT"Drivers/STM32L4xx_HAL_Driver/Src/stm32l4xx_hal_flash_ex.o" --specs=nano.specs -mfpu=fpv4-sp-d16 -mfloat-abi=hard -mthumb -o "Drivers/STM32L4xx_HAL_Driver/Src/stm32l4xx_hal_flash_ex.o"
In file included from D:/BITSILICA/SALMAN/Learning/STM32/STM32_Projects/STM32L476RG_Drivers/001_GPIO_IP_OP/Drivers/STM32L4xx_HAL_Driver/Inc/stm32l4xx_hal.h:29,
                 from ../Drivers/STM32L4xx_HAL_Driver/Src/stm32l4xx_hal.c:36:
../Inc/stm32l4xx_hal_conf.h:262:12: fatal error: stm32l4xx_hal_gpio.h: No such file or directory
  262 |   #include "stm32l4xx_hal_gpio.h"
      |            ^~~~~~~~~~~~~~~~~~~~~~
In file included from D:/BITSILICA/SALMAN/Learning/STM32/STM32_Projects/STM32L476RG_Drivers/001_GPIO_IP_OP/Drivers/STM32L4xx_HAL_Driver/Inc/stm32l4xx_hal.h:29,
                 from ../Drivers/STM32L4xx_HAL_Driver/Src/stm32l4xx_hal_exti.c:86:
../Inc/stm32l4xx_hal_conf.h:262:12: fatal error: stm32l4xx_hal_gpio.h: No such file or directory
  262 |   #include "stm32l4xx_hal_gpio.h"
      |            ^~~~~~~~~~~~~~~~~~~~~~
In file included from D:/BITSILICA/SALMAN/Learning/STM32/STM32_Projects/STM32L476RG_Drivers/001_GPIO_IP_OP/Drivers/STM32L4xx_HAL_Driver/Inc/stm32l4xx_hal.h:29,
                 from ../Drivers/STM32L4xx_HAL_Driver/Src/stm32l4xx_hal_flash.c:88:
../Inc/stm32l4xx_hal_conf.h:262:12: fatal error: stm32l4xx_hal_gpio.h: No such file or directory
  262 |   #include "stm32l4xx_hal_gpio.h"
      |            ^~~~~~~~~~~~~~~~~~~~~~
In file included from D:/BITSILICA/SALMAN/Learning/STM32/STM32_Projects/STM32L476RG_Drivers/001_GPIO_IP_OP/Drivers/STM32L4xx_HAL_Driver/Inc/stm32l4xx_hal.h:29,
                 from ../Drivers/STM32L4xx_HAL_Driver/Src/stm32l4xx_hal_dma.c:91:
../Inc/stm32l4xx_hal_conf.h:262:12: fatal error: stm32l4xx_hal_gpio.h: No such file or directory
  262 |   #include "stm32l4xx_hal_gpio.h"
      |            ^~~~~~~~~~~~~~~~~~~~~~
In file included from D:/BITSILICA/SALMAN/Learning/STM32/STM32_Projects/STM32L476RG_Drivers/001_GPIO_IP_OP/Drivers/STM32L4xx_HAL_Driver/Inc/stm32l4xx_hal.h:29,
                 from ../Drivers/STM32L4xx_HAL_Driver/Src/stm32l4xx_hal_cortex.c:104:
../Inc/stm32l4xx_hal_conf.h:262:12: fatal error: stm32l4xx_hal_gpio.h: No such file or directory
  262 |   #include "stm32l4xx_hal_gpio.h"
      |            ^~~~~~~~~~~~~~~~~~~~~~
In file included from D:/BITSILICA/SALMAN/Learning/STM32/STM32_Projects/STM32L476RG_Drivers/001_GPIO_IP_OP/Drivers/STM32L4xx_HAL_Driver/Inc/stm32l4xx_hal.h:29,
                 from ../Drivers/STM32L4xx_HAL_Driver/Src/stm32l4xx_hal_flash_ex.c:61:
../Inc/stm32l4xx_hal_conf.h:262:12: fatal error: stm32l4xx_hal_gpio.h: No such file or directory
  262 |   #include "stm32l4xx_hal_gpio.h"
      |            ^~~~~~~~~~~~~~~~~~~~~~
In file included from D:/BITSILICA/SALMAN/Learning/STM32/STM32_Projects/STM32L476RG_Drivers/001_GPIO_IP_OP/Drivers/STM32L4xx_HAL_Driver/Inc/stm32l4xx_hal.h:29,
                 from ../Drivers/STM32L4xx_HAL_Driver/Src/stm32l4xx_hal_dma_ex.c:50:
../Inc/stm32l4xx_hal_conf.h:262:12: fatal error: stm32l4xx_hal_gpio.h: No such file or directory
  262 |   #include "stm32l4xx_hal_gpio.h"
      |            ^~~~~~~~~~~~~~~~~~~~~~
compilation terminated.
compilation terminated.
compilation terminated.
compilation terminated.
compilation terminated.
compilation terminated.
compilation terminated.
make: *** [Drivers/STM32L4xx_HAL_Driver/Src/subdir.mk:55: Drivers/STM32L4xx_HAL_Driver/Src/stm32l4xx_hal.o] Error 1
make: *** Waiting for unfinished jobs....
make: *** [Drivers/STM32L4xx_HAL_Driver/Src/subdir.mk:55: Drivers/STM32L4xx_HAL_Driver/Src/stm32l4xx_hal_exti.o] Error 1
make: *** [Drivers/STM32L4xx_HAL_Driver/Src/subdir.mk:55: Drivers/STM32L4xx_HAL_Driver/Src/stm32l4xx_hal_flash.o] Error 1
make: *** [Drivers/STM32L4xx_HAL_Driver/Src/subdir.mk:55: Drivers/STM32L4xx_HAL_Driver/Src/stm32l4xx_hal_cortex.o] Error 1
make: *** [Drivers/STM32L4xx_HAL_Driver/Src/subdir.mk:55: Drivers/STM32L4xx_HAL_Driver/Src/stm32l4xx_hal_dma.o] Error 1
make: *** [Drivers/STM32L4xx_HAL_Driver/Src/subdir.mk:55: Drivers/STM32L4xx_HAL_Driver/Src/stm32l4xx_hal_dma_ex.o] Error 1
make: *** [Drivers/STM32L4xx_HAL_Driver/Src/subdir.mk:55: Drivers/STM32L4xx_HAL_Driver/Src/stm32l4xx_hal_flash_ex.o] Error 1
"make -j12 all" terminated with exit code 2. Build might be incomplete.
14:38:19 **** Incremental Build of configuration Debug for project 001_GPIO_IP_OP ****
make -j12 all 
arm-none-eabi-gcc "../Drivers/STM32L4xx_HAL_Driver/Src/stm32l4xx_hal.c" -mcpu=cortex-m4 -std=gnu11 -g3 -DUSE_HAL_DRIVER -DSTM32L476xx -c -I../Inc -I"D:/BITSILICA/SALMAN/Learning/STM32/STM32_Projects/STM32L476RG_Drivers/001_GPIO_IP_OP/Drivers/CMSIS/Include" -I"D:/BITSILICA/SALMAN/Learning/STM32/STM32_Projects/STM32L476RG_Drivers/001_GPIO_IP_OP/Drivers/CMSIS/Device/ST/STM32L4xx/Include" -I"D:/BITSILICA/SALMAN/Learning/STM32/STM32_Projects/STM32L476RG_Drivers/001_GPIO_IP_OP/Drivers/STM32L4xx_HAL_Driver/Inc" -O0 -ffunction-sections -fdata-sections -Wall -fstack-usage -fcyclomatic-complexity -MMD -MP -MF"Drivers/STM32L4xx_HAL_Driver/Src/stm32l4xx_hal.d" -MT"Drivers/STM32L4xx_HAL_Driver/Src/stm32l4xx_hal.o" --specs=nano.specs -mfpu=fpv4-sp-d16 -mfloat-abi=hard -mthumb -o "Drivers/STM32L4xx_HAL_Driver/Src/stm32l4xx_hal.o"
arm-none-eabi-gcc "../Drivers/STM32L4xx_HAL_Driver/Src/stm32l4xx_hal_cortex.c" -mcpu=cortex-m4 -std=gnu11 -g3 -DUSE_HAL_DRIVER -DSTM32L476xx -c -I../Inc -I"D:/BITSILICA/SALMAN/Learning/STM32/STM32_Projects/STM32L476RG_Drivers/001_GPIO_IP_OP/Drivers/CMSIS/Include" -I"D:/BITSILICA/SALMAN/Learning/STM32/STM32_Projects/STM32L476RG_Drivers/001_GPIO_IP_OP/Drivers/CMSIS/Device/ST/STM32L4xx/Include" -I"D:/BITSILICA/SALMAN/Learning/STM32/STM32_Projects/STM32L476RG_Drivers/001_GPIO_IP_OP/Drivers/STM32L4xx_HAL_Driver/Inc" -O0 -ffunction-sections -fdata-sections -Wall -fstack-usage -fcyclomatic-complexity -MMD -MP -MF"Drivers/STM32L4xx_HAL_Driver/Src/stm32l4xx_hal_cortex.d" -MT"Drivers/STM32L4xx_HAL_Driver/Src/stm32l4xx_hal_cortex.o" --specs=nano.specs -mfpu=fpv4-sp-d16 -mfloat-abi=hard -mthumb -o "Drivers/STM32L4xx_HAL_Driver/Src/stm32l4xx_hal_cortex.o"
arm-none-eabi-gcc "../Drivers/STM32L4xx_HAL_Driver/Src/stm32l4xx_hal_dma.c" -mcpu=cortex-m4 -std=gnu11 -g3 -DUSE_HAL_DRIVER -DSTM32L476xx -c -I../Inc -I"D:/BITSILICA/SALMAN/Learning/STM32/STM32_Projects/STM32L476RG_Drivers/001_GPIO_IP_OP/Drivers/CMSIS/Include" -I"D:/BITSILICA/SALMAN/Learning/STM32/STM32_Projects/STM32L476RG_Drivers/001_GPIO_IP_OP/Drivers/CMSIS/Device/ST/STM32L4xx/Include" -I"D:/BITSILICA/SALMAN/Learning/STM32/STM32_Projects/STM32L476RG_Drivers/001_GPIO_IP_OP/Drivers/STM32L4xx_HAL_Driver/Inc" -O0 -ffunction-sections -fdata-sections -Wall -fstack-usage -fcyclomatic-complexity -MMD -MP -MF"Drivers/STM32L4xx_HAL_Driver/Src/stm32l4xx_hal_dma.d" -MT"Drivers/STM32L4xx_HAL_Driver/Src/stm32l4xx_hal_dma.o" --specs=nano.specs -mfpu=fpv4-sp-d16 -mfloat-abi=hard -mthumb -o "Drivers/STM32L4xx_HAL_Driver/Src/stm32l4xx_hal_dma.o"
arm-none-eabi-gcc "../Drivers/STM32L4xx_HAL_Driver/Src/stm32l4xx_hal_dma_ex.c" -mcpu=cortex-m4 -std=gnu11 -g3 -DUSE_HAL_DRIVER -DSTM32L476xx -c -I../Inc -I"D:/BITSILICA/SALMAN/Learning/STM32/STM32_Projects/STM32L476RG_Drivers/001_GPIO_IP_OP/Drivers/CMSIS/Include" -I"D:/BITSILICA/SALMAN/Learning/STM32/STM32_Projects/STM32L476RG_Drivers/001_GPIO_IP_OP/Drivers/CMSIS/Device/ST/STM32L4xx/Include" -I"D:/BITSILICA/SALMAN/Learning/STM32/STM32_Projects/STM32L476RG_Drivers/001_GPIO_IP_OP/Drivers/STM32L4xx_HAL_Driver/Inc" -O0 -ffunction-sections -fdata-sections -Wall -fstack-usage -fcyclomatic-complexity -MMD -MP -MF"Drivers/STM32L4xx_HAL_Driver/Src/stm32l4xx_hal_dma_ex.d" -MT"Drivers/STM32L4xx_HAL_Driver/Src/stm32l4xx_hal_dma_ex.o" --specs=nano.specs -mfpu=fpv4-sp-d16 -mfloat-abi=hard -mthumb -o "Drivers/STM32L4xx_HAL_Driver/Src/stm32l4xx_hal_dma_ex.o"
arm-none-eabi-gcc "../Drivers/STM32L4xx_HAL_Driver/Src/stm32l4xx_hal_exti.c" -mcpu=cortex-m4 -std=gnu11 -g3 -DUSE_HAL_DRIVER -DSTM32L476xx -c -I../Inc -I"D:/BITSILICA/SALMAN/Learning/STM32/STM32_Projects/STM32L476RG_Drivers/001_GPIO_IP_OP/Drivers/CMSIS/Include" -I"D:/BITSILICA/SALMAN/Learning/STM32/STM32_Projects/STM32L476RG_Drivers/001_GPIO_IP_OP/Drivers/CMSIS/Device/ST/STM32L4xx/Include" -I"D:/BITSILICA/SALMAN/Learning/STM32/STM32_Projects/STM32L476RG_Drivers/001_GPIO_IP_OP/Drivers/STM32L4xx_HAL_Driver/Inc" -O0 -ffunction-sections -fdata-sections -Wall -fstack-usage -fcyclomatic-complexity -MMD -MP -MF"Drivers/STM32L4xx_HAL_Driver/Src/stm32l4xx_hal_exti.d" -MT"Drivers/STM32L4xx_HAL_Driver/Src/stm32l4xx_hal_exti.o" --specs=nano.specs -mfpu=fpv4-sp-d16 -mfloat-abi=hard -mthumb -o "Drivers/STM32L4xx_HAL_Driver/Src/stm32l4xx_hal_exti.o"
arm-none-eabi-gcc "../Drivers/STM32L4xx_HAL_Driver/Src/stm32l4xx_hal_flash.c" -mcpu=cortex-m4 -std=gnu11 -g3 -DUSE_HAL_DRIVER -DSTM32L476xx -c -I../Inc -I"D:/BITSILICA/SALMAN/Learning/STM32/STM32_Projects/STM32L476RG_Drivers/001_GPIO_IP_OP/Drivers/CMSIS/Include" -I"D:/BITSILICA/SALMAN/Learning/STM32/STM32_Projects/STM32L476RG_Drivers/001_GPIO_IP_OP/Drivers/CMSIS/Device/ST/STM32L4xx/Include" -I"D:/BITSILICA/SALMAN/Learning/STM32/STM32_Projects/STM32L476RG_Drivers/001_GPIO_IP_OP/Drivers/STM32L4xx_HAL_Driver/Inc" -O0 -ffunction-sections -fdata-sections -Wall -fstack-usage -fcyclomatic-complexity -MMD -MP -MF"Drivers/STM32L4xx_HAL_Driver/Src/stm32l4xx_hal_flash.d" -MT"Drivers/STM32L4xx_HAL_Driver/Src/stm32l4xx_hal_flash.o" --specs=nano.specs -mfpu=fpv4-sp-d16 -mfloat-abi=hard -mthumb -o "Drivers/STM32L4xx_HAL_Driver/Src/stm32l4xx_hal_flash.o"
arm-none-eabi-gcc "../Drivers/STM32L4xx_HAL_Driver/Src/stm32l4xx_hal_flash_ex.c" -mcpu=cortex-m4 -std=gnu11 -g3 -DUSE_HAL_DRIVER -DSTM32L476xx -c -I../Inc -I"D:/BITSILICA/SALMAN/Learning/STM32/STM32_Projects/STM32L476RG_Drivers/001_GPIO_IP_OP/Drivers/CMSIS/Include" -I"D:/BITSILICA/SALMAN/Learning/STM32/STM32_Projects/STM32L476RG_Drivers/001_GPIO_IP_OP/Drivers/CMSIS/Device/ST/STM32L4xx/Include" -I"D:/BITSILICA/SALMAN/Learning/STM32/STM32_Projects/STM32L476RG_Drivers/001_GPIO_IP_OP/Drivers/STM32L4xx_HAL_Driver/Inc" -O0 -ffunction-sections -fdata-sections -Wall -fstack-usage -fcyclomatic-complexity -MMD -MP -MF"Drivers/STM32L4xx_HAL_Driver/Src/stm32l4xx_hal_flash_ex.d" -MT"Drivers/STM32L4xx_HAL_Driver/Src/stm32l4xx_hal_flash_ex.o" --specs=nano.specs -mfpu=fpv4-sp-d16 -mfloat-abi=hard -mthumb -o "Drivers/STM32L4xx_HAL_Driver/Src/stm32l4xx_hal_flash_ex.o"
arm-none-eabi-gcc "../Drivers/STM32L4xx_HAL_Driver/Src/stm32l4xx_hal_flash_ramfunc.c" -mcpu=cortex-m4 -std=gnu11 -g3 -DUSE_HAL_DRIVER -DSTM32L476xx -c -I../Inc -I"D:/BITSILICA/SALMAN/Learning/STM32/STM32_Projects/STM32L476RG_Drivers/001_GPIO_IP_OP/Drivers/CMSIS/Include" -I"D:/BITSILICA/SALMAN/Learning/STM32/STM32_Projects/STM32L476RG_Drivers/001_GPIO_IP_OP/Drivers/CMSIS/Device/ST/STM32L4xx/Include" -I"D:/BITSILICA/SALMAN/Learning/STM32/STM32_Projects/STM32L476RG_Drivers/001_GPIO_IP_OP/Drivers/STM32L4xx_HAL_Driver/Inc" -O0 -ffunction-sections -fdata-sections -Wall -fstack-usage -fcyclomatic-complexity -MMD -MP -MF"Drivers/STM32L4xx_HAL_Driver/Src/stm32l4xx_hal_flash_ramfunc.d" -MT"Drivers/STM32L4xx_HAL_Driver/Src/stm32l4xx_hal_flash_ramfunc.o" --specs=nano.specs -mfpu=fpv4-sp-d16 -mfloat-abi=hard -mthumb -o "Drivers/STM32L4xx_HAL_Driver/Src/stm32l4xx_hal_flash_ramfunc.o"
arm-none-eabi-gcc "../Drivers/STM32L4xx_HAL_Driver/Src/stm32l4xx_hal_gpio.c" -mcpu=cortex-m4 -std=gnu11 -g3 -DUSE_HAL_DRIVER -DSTM32L476xx -c -I../Inc -I"D:/BITSILICA/SALMAN/Learning/STM32/STM32_Projects/STM32L476RG_Drivers/001_GPIO_IP_OP/Drivers/CMSIS/Include" -I"D:/BITSILICA/SALMAN/Learning/STM32/STM32_Projects/STM32L476RG_Drivers/001_GPIO_IP_OP/Drivers/CMSIS/Device/ST/STM32L4xx/Include" -I"D:/BITSILICA/SALMAN/Learning/STM32/STM32_Projects/STM32L476RG_Drivers/001_GPIO_IP_OP/Drivers/STM32L4xx_HAL_Driver/Inc" -O0 -ffunction-sections -fdata-sections -Wall -fstack-usage -fcyclomatic-complexity -MMD -MP -MF"Drivers/STM32L4xx_HAL_Driver/Src/stm32l4xx_hal_gpio.d" -MT"Drivers/STM32L4xx_HAL_Driver/Src/stm32l4xx_hal_gpio.o" --specs=nano.specs -mfpu=fpv4-sp-d16 -mfloat-abi=hard -mthumb -o "Drivers/STM32L4xx_HAL_Driver/Src/stm32l4xx_hal_gpio.o"
arm-none-eabi-gcc "../Drivers/STM32L4xx_HAL_Driver/Src/stm32l4xx_hal_pwr.c" -mcpu=cortex-m4 -std=gnu11 -g3 -DUSE_HAL_DRIVER -DSTM32L476xx -c -I../Inc -I"D:/BITSILICA/SALMAN/Learning/STM32/STM32_Projects/STM32L476RG_Drivers/001_GPIO_IP_OP/Drivers/CMSIS/Include" -I"D:/BITSILICA/SALMAN/Learning/STM32/STM32_Projects/STM32L476RG_Drivers/001_GPIO_IP_OP/Drivers/CMSIS/Device/ST/STM32L4xx/Include" -I"D:/BITSILICA/SALMAN/Learning/STM32/STM32_Projects/STM32L476RG_Drivers/001_GPIO_IP_OP/Drivers/STM32L4xx_HAL_Driver/Inc" -O0 -ffunction-sections -fdata-sections -Wall -fstack-usage -fcyclomatic-complexity -MMD -MP -MF"Drivers/STM32L4xx_HAL_Driver/Src/stm32l4xx_hal_pwr.d" -MT"Drivers/STM32L4xx_HAL_Driver/Src/stm32l4xx_hal_pwr.o" --specs=nano.specs -mfpu=fpv4-sp-d16 -mfloat-abi=hard -mthumb -o "Drivers/STM32L4xx_HAL_Driver/Src/stm32l4xx_hal_pwr.o"
arm-none-eabi-gcc "../Drivers/STM32L4xx_HAL_Driver/Src/stm32l4xx_hal_pwr_ex.c" -mcpu=cortex-m4 -std=gnu11 -g3 -DUSE_HAL_DRIVER -DSTM32L476xx -c -I../Inc -I"D:/BITSILICA/SALMAN/Learning/STM32/STM32_Projects/STM32L476RG_Drivers/001_GPIO_IP_OP/Drivers/CMSIS/Include" -I"D:/BITSILICA/SALMAN/Learning/STM32/STM32_Projects/STM32L476RG_Drivers/001_GPIO_IP_OP/Drivers/CMSIS/Device/ST/STM32L4xx/Include" -I"D:/BITSILICA/SALMAN/Learning/STM32/STM32_Projects/STM32L476RG_Drivers/001_GPIO_IP_OP/Drivers/STM32L4xx_HAL_Driver/Inc" -O0 -ffunction-sections -fdata-sections -Wall -fstack-usage -fcyclomatic-complexity -MMD -MP -MF"Drivers/STM32L4xx_HAL_Driver/Src/stm32l4xx_hal_pwr_ex.d" -MT"Drivers/STM32L4xx_HAL_Driver/Src/stm32l4xx_hal_pwr_ex.o" --specs=nano.specs -mfpu=fpv4-sp-d16 -mfloat-abi=hard -mthumb -o "Drivers/STM32L4xx_HAL_Driver/Src/stm32l4xx_hal_pwr_ex.o"
arm-none-eabi-gcc "../Drivers/STM32L4xx_HAL_Driver/Src/stm32l4xx_hal_rcc.c" -mcpu=cortex-m4 -std=gnu11 -g3 -DUSE_HAL_DRIVER -DSTM32L476xx -c -I../Inc -I"D:/BITSILICA/SALMAN/Learning/STM32/STM32_Projects/STM32L476RG_Drivers/001_GPIO_IP_OP/Drivers/CMSIS/Include" -I"D:/BITSILICA/SALMAN/Learning/STM32/STM32_Projects/STM32L476RG_Drivers/001_GPIO_IP_OP/Drivers/CMSIS/Device/ST/STM32L4xx/Include" -I"D:/BITSILICA/SALMAN/Learning/STM32/STM32_Projects/STM32L476RG_Drivers/001_GPIO_IP_OP/Drivers/STM32L4xx_HAL_Driver/Inc" -O0 -ffunction-sections -fdata-sections -Wall -fstack-usage -fcyclomatic-complexity -MMD -MP -MF"Drivers/STM32L4xx_HAL_Driver/Src/stm32l4xx_hal_rcc.d" -MT"Drivers/STM32L4xx_HAL_Driver/Src/stm32l4xx_hal_rcc.o" --specs=nano.specs -mfpu=fpv4-sp-d16 -mfloat-abi=hard -mthumb -o "Drivers/STM32L4xx_HAL_Driver/Src/stm32l4xx_hal_rcc.o"
In file included from ../Inc/stm32l4xx_hal_conf.h:330,
                 from D:/BITSILICA/SALMAN/Learning/STM32/STM32_Projects/STM32L476RG_Drivers/001_GPIO_IP_OP/Drivers/STM32L4xx_HAL_Driver/Inc/stm32l4xx_hal.h:29,
                 from ../Drivers/STM32L4xx_HAL_Driver/Src/stm32l4xx_hal_exti.c:86:
D:/BITSILICA/SALMAN/Learning/STM32/STM32_Projects/STM32L476RG_Drivers/001_GPIO_IP_OP/Drivers/STM32L4xx_HAL_Driver/Inc/stm32l4xx_hal_flash.h:772:10: fatal error: stm32l4xx_hal_flash_ramfunc.h: No such file or directory
  772 | #include "stm32l4xx_hal_flash_ramfunc.h"
      |          ^~~~~~~~~~~~~~~~~~~~~~~~~~~~~~~
In file included from ../Inc/stm32l4xx_hal_conf.h:330,
                 from D:/BITSILICA/SALMAN/Learning/STM32/STM32_Projects/STM32L476RG_Drivers/001_GPIO_IP_OP/Drivers/STM32L4xx_HAL_Driver/Inc/stm32l4xx_hal.h:29,
                 from ../Drivers/STM32L4xx_HAL_Driver/Src/stm32l4xx_hal_flash_ex.c:61:
D:/BITSILICA/SALMAN/Learning/STM32/STM32_Projects/STM32L476RG_Drivers/001_GPIO_IP_OP/Drivers/STM32L4xx_HAL_Driver/Inc/stm32l4xx_hal_flash.h:772:10: fatal error: stm32l4xx_hal_flash_ramfunc.h: No such file or directory
  772 | #include "stm32l4xx_hal_flash_ramfunc.h"
      |          ^~~~~~~~~~~~~~~~~~~~~~~~~~~~~~~
In file included from ../Inc/stm32l4xx_hal_conf.h:330,
                 from D:/BITSILICA/SALMAN/Learning/STM32/STM32_Projects/STM32L476RG_Drivers/001_GPIO_IP_OP/Drivers/STM32L4xx_HAL_Driver/Inc/stm32l4xx_hal.h:29,
                 from ../Drivers/STM32L4xx_HAL_Driver/Src/stm32l4xx_hal.c:36:
D:/BITSILICA/SALMAN/Learning/STM32/STM32_Projects/STM32L476RG_Drivers/001_GPIO_IP_OP/Drivers/STM32L4xx_HAL_Driver/Inc/stm32l4xx_hal_flash.h:772:10: fatal error: stm32l4xx_hal_flash_ramfunc.h: No such file or directory
  772 | #include "stm32l4xx_hal_flash_ramfunc.h"
      |          ^~~~~~~~~~~~~~~~~~~~~~~~~~~~~~~
In file included from ../Inc/stm32l4xx_hal_conf.h:330,
                 from D:/BITSILICA/SALMAN/Learning/STM32/STM32_Projects/STM32L476RG_Drivers/001_GPIO_IP_OP/Drivers/STM32L4xx_HAL_Driver/Inc/stm32l4xx_hal.h:29,
                 from ../Drivers/STM32L4xx_HAL_Driver/Src/stm32l4xx_hal_cortex.c:104:
D:/BITSILICA/SALMAN/Learning/STM32/STM32_Projects/STM32L476RG_Drivers/001_GPIO_IP_OP/Drivers/STM32L4xx_HAL_Driver/Inc/stm32l4xx_hal_flash.h:772:10: fatal error: stm32l4xx_hal_flash_ramfunc.h: No such file or directory
  772 | #include "stm32l4xx_hal_flash_ramfunc.h"
      |          ^~~~~~~~~~~~~~~~~~~~~~~~~~~~~~~
In file included from ../Inc/stm32l4xx_hal_conf.h:330,
                 from D:/BITSILICA/SALMAN/Learning/STM32/STM32_Projects/STM32L476RG_Drivers/001_GPIO_IP_OP/Drivers/STM32L4xx_HAL_Driver/Inc/stm32l4xx_hal.h:29,
                 from ../Drivers/STM32L4xx_HAL_Driver/Src/stm32l4xx_hal_flash.c:88:
D:/BITSILICA/SALMAN/Learning/STM32/STM32_Projects/STM32L476RG_Drivers/001_GPIO_IP_OP/Drivers/STM32L4xx_HAL_Driver/Inc/stm32l4xx_hal_flash.h:772:10: fatal error: stm32l4xx_hal_flash_ramfunc.h: No such file or directory
  772 | #include "stm32l4xx_hal_flash_ramfunc.h"
      |          ^~~~~~~~~~~~~~~~~~~~~~~~~~~~~~~
In file included from ../Inc/stm32l4xx_hal_conf.h:330,
                 from D:/BITSILICA/SALMAN/Learning/STM32/STM32_Projects/STM32L476RG_Drivers/001_GPIO_IP_OP/Drivers/STM32L4xx_HAL_Driver/Inc/stm32l4xx_hal.h:29,
                 from ../Drivers/STM32L4xx_HAL_Driver/Src/stm32l4xx_hal_dma.c:91:
D:/BITSILICA/SALMAN/Learning/STM32/STM32_Projects/STM32L476RG_Drivers/001_GPIO_IP_OP/Drivers/STM32L4xx_HAL_Driver/Inc/stm32l4xx_hal_flash.h:772:10: fatal error: stm32l4xx_hal_flash_ramfunc.h: No such file or directory
  772 | #include "stm32l4xx_hal_flash_ramfunc.h"
      |          ^~~~~~~~~~~~~~~~~~~~~~~~~~~~~~~
In file included from ../Inc/stm32l4xx_hal_conf.h:330,
                 from D:/BITSILICA/SALMAN/Learning/STM32/STM32_Projects/STM32L476RG_Drivers/001_GPIO_IP_OP/Drivers/STM32L4xx_HAL_Driver/Inc/stm32l4xx_hal.h:29,
                 from ../Drivers/STM32L4xx_HAL_Driver/Src/stm32l4xx_hal_dma_ex.c:50:
D:/BITSILICA/SALMAN/Learning/STM32/STM32_Projects/STM32L476RG_Drivers/001_GPIO_IP_OP/Drivers/STM32L4xx_HAL_Driver/Inc/stm32l4xx_hal_flash.h:772:10: fatal error: stm32l4xx_hal_flash_ramfunc.h: No such file or directory
  772 | #include "stm32l4xx_hal_flash_ramfunc.h"
      |          ^~~~~~~~~~~~~~~~~~~~~~~~~~~~~~~
compilation terminated.
compilation terminated.
compilation terminated.
compilation terminated.
compilation terminated.
compilation terminated.
compilation terminated.
In file included from ../Inc/stm32l4xx_hal_conf.h:330,
                 from D:/BITSILICA/SALMAN/Learning/STM32/STM32_Projects/STM32L476RG_Drivers/001_GPIO_IP_OP/Drivers/STM32L4xx_HAL_Driver/Inc/stm32l4xx_hal.h:29,
                 from ../Drivers/STM32L4xx_HAL_Driver/Src/stm32l4xx_hal_flash_ramfunc.c:48:
D:/BITSILICA/SALMAN/Learning/STM32/STM32_Projects/STM32L476RG_Drivers/001_GPIO_IP_OP/Drivers/STM32L4xx_HAL_Driver/Inc/stm32l4xx_hal_flash.h:772:10: fatal error: stm32l4xx_hal_flash_ramfunc.h: No such file or directory
  772 | #include "stm32l4xx_hal_flash_ramfunc.h"
      |          ^~~~~~~~~~~~~~~~~~~~~~~~~~~~~~~
compilation terminated.
make: *** [Drivers/STM32L4xx_HAL_Driver/Src/subdir.mk:55: Drivers/STM32L4xx_HAL_Driver/Src/stm32l4xx_hal_dma_ex.o] Error 1
make: *** Waiting for unfinished jobs....
make: *** [Drivers/STM32L4xx_HAL_Driver/Src/subdir.mk:55: Drivers/STM32L4xx_HAL_Driver/Src/stm32l4xx_hal_flash.o] Error 1
make: *** [Drivers/STM32L4xx_HAL_Driver/Src/subdir.mk:55: Drivers/STM32L4xx_HAL_Driver/Src/stm32l4xx_hal_dma.o] Error 1
make: *** [Drivers/STM32L4xx_HAL_Driver/Src/subdir.mk:55: Drivers/STM32L4xx_HAL_Driver/Src/stm32l4xx_hal_flash_ex.o] Error 1
make: *** [Drivers/STM32L4xx_HAL_Driver/Src/subdir.mk:55: Drivers/STM32L4xx_HAL_Driver/Src/stm32l4xx_hal_exti.o] Error 1
make: *** [Drivers/STM32L4xx_HAL_Driver/Src/subdir.mk:55: Drivers/STM32L4xx_HAL_Driver/Src/stm32l4xx_hal_cortex.o] Error 1
make: *** [Drivers/STM32L4xx_HAL_Driver/Src/subdir.mk:55: Drivers/STM32L4xx_HAL_Driver/Src/stm32l4xx_hal.o] Error 1
make: *** [Drivers/STM32L4xx_HAL_Driver/Src/subdir.mk:55: Drivers/STM32L4xx_HAL_Driver/Src/stm32l4xx_hal_flash_ramfunc.o] Error 1
In file included from ../Inc/stm32l4xx_hal_conf.h:330,
                 from D:/BITSILICA/SALMAN/Learning/STM32/STM32_Projects/STM32L476RG_Drivers/001_GPIO_IP_OP/Drivers/STM32L4xx_HAL_Driver/Inc/stm32l4xx_hal.h:29,
                 from ../Drivers/STM32L4xx_HAL_Driver/Src/stm32l4xx_hal_gpio.c:106:
D:/BITSILICA/SALMAN/Learning/STM32/STM32_Projects/STM32L476RG_Drivers/001_GPIO_IP_OP/Drivers/STM32L4xx_HAL_Driver/Inc/stm32l4xx_hal_flash.h:772:10: fatal error: stm32l4xx_hal_flash_ramfunc.h: No such file or directory
  772 | #include "stm32l4xx_hal_flash_ramfunc.h"
      |          ^~~~~~~~~~~~~~~~~~~~~~~~~~~~~~~
compilation terminated.
In file included from ../Inc/stm32l4xx_hal_conf.h:330,
                 from D:/BITSILICA/SALMAN/Learning/STM32/STM32_Projects/STM32L476RG_Drivers/001_GPIO_IP_OP/Drivers/STM32L4xx_HAL_Driver/Inc/stm32l4xx_hal.h:29,
                 from ../Drivers/STM32L4xx_HAL_Driver/Src/stm32l4xx_hal_pwr.c:25:
D:/BITSILICA/SALMAN/Learning/STM32/STM32_Projects/STM32L476RG_Drivers/001_GPIO_IP_OP/Drivers/STM32L4xx_HAL_Driver/Inc/stm32l4xx_hal_flash.h:772:10: fatal error: stm32l4xx_hal_flash_ramfunc.h: No such file or directory
  772 | #include "stm32l4xx_hal_flash_ramfunc.h"
      |          ^~~~~~~~~~~~~~~~~~~~~~~~~~~~~~~
compilation terminated.
In file included from ../Inc/stm32l4xx_hal_conf.h:330,
                 from D:/BITSILICA/SALMAN/Learning/STM32/STM32_Projects/STM32L476RG_Drivers/001_GPIO_IP_OP/Drivers/STM32L4xx_HAL_Driver/Inc/stm32l4xx_hal.h:29,
                 from ../Drivers/STM32L4xx_HAL_Driver/Src/stm32l4xx_hal_pwr_ex.c:25:
D:/BITSILICA/SALMAN/Learning/STM32/STM32_Projects/STM32L476RG_Drivers/001_GPIO_IP_OP/Drivers/STM32L4xx_HAL_Driver/Inc/stm32l4xx_hal_flash.h:772:10: fatal error: stm32l4xx_hal_flash_ramfunc.h: No such file or directory
  772 | #include "stm32l4xx_hal_flash_ramfunc.h"
      |          ^~~~~~~~~~~~~~~~~~~~~~~~~~~~~~~
compilation terminated.
make: *** [Drivers/STM32L4xx_HAL_Driver/Src/subdir.mk:55: Drivers/STM32L4xx_HAL_Driver/Src/stm32l4xx_hal_gpio.o] Error 1
In file included from ../Inc/stm32l4xx_hal_conf.h:330,
                 from D:/BITSILICA/SALMAN/Learning/STM32/STM32_Projects/STM32L476RG_Drivers/001_GPIO_IP_OP/Drivers/STM32L4xx_HAL_Driver/Inc/stm32l4xx_hal.h:29,
                 from ../Drivers/STM32L4xx_HAL_Driver/Src/stm32l4xx_hal_rcc.c:51:
D:/BITSILICA/SALMAN/Learning/STM32/STM32_Projects/STM32L476RG_Drivers/001_GPIO_IP_OP/Drivers/STM32L4xx_HAL_Driver/Inc/stm32l4xx_hal_flash.h:772:10: fatal error: stm32l4xx_hal_flash_ramfunc.h: No such file or directory
  772 | #include "stm32l4xx_hal_flash_ramfunc.h"
      |          ^~~~~~~~~~~~~~~~~~~~~~~~~~~~~~~
compilation terminated.
make: *** [Drivers/STM32L4xx_HAL_Driver/Src/subdir.mk:55: Drivers/STM32L4xx_HAL_Driver/Src/stm32l4xx_hal_pwr.o] Error 1
make: *** [Drivers/STM32L4xx_HAL_Driver/Src/subdir.mk:55: Drivers/STM32L4xx_HAL_Driver/Src/stm32l4xx_hal_pwr_ex.o] Error 1
make: *** [Drivers/STM32L4xx_HAL_Driver/Src/subdir.mk:55: Drivers/STM32L4xx_HAL_Driver/Src/stm32l4xx_hal_rcc.o] Error 1
"make -j12 all" terminated with exit code 2. Build might be incomplete.
14:39:31 **** Incremental Build of configuration Debug for project 001_GPIO_IP_OP ****
make -j12 all 
arm-none-eabi-gcc "../Src/main.c" -mcpu=cortex-m4 -std=gnu11 -g3 -DUSE_HAL_DRIVER -DSTM32L476xx -c -I../Inc -I"D:/BITSILICA/SALMAN/Learning/STM32/STM32_Projects/STM32L476RG_Drivers/001_GPIO_IP_OP/Drivers/CMSIS/Include" -I"D:/BITSILICA/SALMAN/Learning/STM32/STM32_Projects/STM32L476RG_Drivers/001_GPIO_IP_OP/Drivers/CMSIS/Device/ST/STM32L4xx/Include" -I"D:/BITSILICA/SALMAN/Learning/STM32/STM32_Projects/STM32L476RG_Drivers/001_GPIO_IP_OP/Drivers/STM32L4xx_HAL_Driver/Inc" -I"D:/BITSILICA/SALMAN/Learning/STM32/STM32_Projects/STM32L476RG_Drivers/001_GPIO_IP_OP/Drivers" -O0 -ffunction-sections -fdata-sections -Wall -fstack-usage -fcyclomatic-complexity -MMD -MP -MF"Src/main.d" -MT"Src/main.o" --specs=nano.specs -mfpu=fpv4-sp-d16 -mfloat-abi=hard -mthumb -o "Src/main.o"
arm-none-eabi-gcc "../Src/syscalls.c" -mcpu=cortex-m4 -std=gnu11 -g3 -DUSE_HAL_DRIVER -DSTM32L476xx -c -I../Inc -I"D:/BITSILICA/SALMAN/Learning/STM32/STM32_Projects/STM32L476RG_Drivers/001_GPIO_IP_OP/Drivers/CMSIS/Include" -I"D:/BITSILICA/SALMAN/Learning/STM32/STM32_Projects/STM32L476RG_Drivers/001_GPIO_IP_OP/Drivers/CMSIS/Device/ST/STM32L4xx/Include" -I"D:/BITSILICA/SALMAN/Learning/STM32/STM32_Projects/STM32L476RG_Drivers/001_GPIO_IP_OP/Drivers/STM32L4xx_HAL_Driver/Inc" -I"D:/BITSILICA/SALMAN/Learning/STM32/STM32_Projects/STM32L476RG_Drivers/001_GPIO_IP_OP/Drivers" -O0 -ffunction-sections -fdata-sections -Wall -fstack-usage -fcyclomatic-complexity -MMD -MP -MF"Src/syscalls.d" -MT"Src/syscalls.o" --specs=nano.specs -mfpu=fpv4-sp-d16 -mfloat-abi=hard -mthumb -o "Src/syscalls.o"
arm-none-eabi-gcc "../Src/sysmem.c" -mcpu=cortex-m4 -std=gnu11 -g3 -DUSE_HAL_DRIVER -DSTM32L476xx -c -I../Inc -I"D:/BITSILICA/SALMAN/Learning/STM32/STM32_Projects/STM32L476RG_Drivers/001_GPIO_IP_OP/Drivers/CMSIS/Include" -I"D:/BITSILICA/SALMAN/Learning/STM32/STM32_Projects/STM32L476RG_Drivers/001_GPIO_IP_OP/Drivers/CMSIS/Device/ST/STM32L4xx/Include" -I"D:/BITSILICA/SALMAN/Learning/STM32/STM32_Projects/STM32L476RG_Drivers/001_GPIO_IP_OP/Drivers/STM32L4xx_HAL_Driver/Inc" -I"D:/BITSILICA/SALMAN/Learning/STM32/STM32_Projects/STM32L476RG_Drivers/001_GPIO_IP_OP/Drivers" -O0 -ffunction-sections -fdata-sections -Wall -fstack-usage -fcyclomatic-complexity -MMD -MP -MF"Src/sysmem.d" -MT"Src/sysmem.o" --specs=nano.specs -mfpu=fpv4-sp-d16 -mfloat-abi=hard -mthumb -o "Src/sysmem.o"
arm-none-eabi-gcc "../Src/system_stm32l4xx.c" -mcpu=cortex-m4 -std=gnu11 -g3 -DUSE_HAL_DRIVER -DSTM32L476xx -c -I../Inc -I"D:/BITSILICA/SALMAN/Learning/STM32/STM32_Projects/STM32L476RG_Drivers/001_GPIO_IP_OP/Drivers/CMSIS/Include" -I"D:/BITSILICA/SALMAN/Learning/STM32/STM32_Projects/STM32L476RG_Drivers/001_GPIO_IP_OP/Drivers/CMSIS/Device/ST/STM32L4xx/Include" -I"D:/BITSILICA/SALMAN/Learning/STM32/STM32_Projects/STM32L476RG_Drivers/001_GPIO_IP_OP/Drivers/STM32L4xx_HAL_Driver/Inc" -I"D:/BITSILICA/SALMAN/Learning/STM32/STM32_Projects/STM32L476RG_Drivers/001_GPIO_IP_OP/Drivers" -O0 -ffunction-sections -fdata-sections -Wall -fstack-usage -fcyclomatic-complexity -MMD -MP -MF"Src/system_stm32l4xx.d" -MT"Src/system_stm32l4xx.o" --specs=nano.specs -mfpu=fpv4-sp-d16 -mfloat-abi=hard -mthumb -o "Src/system_stm32l4xx.o"
arm-none-eabi-gcc "../Drivers/STM32L4xx_HAL_Driver/Src/stm32l4xx_hal.c" -mcpu=cortex-m4 -std=gnu11 -g3 -DUSE_HAL_DRIVER -DSTM32L476xx -c -I../Inc -I"D:/BITSILICA/SALMAN/Learning/STM32/STM32_Projects/STM32L476RG_Drivers/001_GPIO_IP_OP/Drivers/CMSIS/Include" -I"D:/BITSILICA/SALMAN/Learning/STM32/STM32_Projects/STM32L476RG_Drivers/001_GPIO_IP_OP/Drivers/CMSIS/Device/ST/STM32L4xx/Include" -I"D:/BITSILICA/SALMAN/Learning/STM32/STM32_Projects/STM32L476RG_Drivers/001_GPIO_IP_OP/Drivers/STM32L4xx_HAL_Driver/Inc" -I"D:/BITSILICA/SALMAN/Learning/STM32/STM32_Projects/STM32L476RG_Drivers/001_GPIO_IP_OP/Drivers" -O0 -ffunction-sections -fdata-sections -Wall -fstack-usage -fcyclomatic-complexity -MMD -MP -MF"Drivers/STM32L4xx_HAL_Driver/Src/stm32l4xx_hal.d" -MT"Drivers/STM32L4xx_HAL_Driver/Src/stm32l4xx_hal.o" --specs=nano.specs -mfpu=fpv4-sp-d16 -mfloat-abi=hard -mthumb -o "Drivers/STM32L4xx_HAL_Driver/Src/stm32l4xx_hal.o"
arm-none-eabi-gcc "../Drivers/STM32L4xx_HAL_Driver/Src/stm32l4xx_hal_cortex.c" -mcpu=cortex-m4 -std=gnu11 -g3 -DUSE_HAL_DRIVER -DSTM32L476xx -c -I../Inc -I"D:/BITSILICA/SALMAN/Learning/STM32/STM32_Projects/STM32L476RG_Drivers/001_GPIO_IP_OP/Drivers/CMSIS/Include" -I"D:/BITSILICA/SALMAN/Learning/STM32/STM32_Projects/STM32L476RG_Drivers/001_GPIO_IP_OP/Drivers/CMSIS/Device/ST/STM32L4xx/Include" -I"D:/BITSILICA/SALMAN/Learning/STM32/STM32_Projects/STM32L476RG_Drivers/001_GPIO_IP_OP/Drivers/STM32L4xx_HAL_Driver/Inc" -I"D:/BITSILICA/SALMAN/Learning/STM32/STM32_Projects/STM32L476RG_Drivers/001_GPIO_IP_OP/Drivers" -O0 -ffunction-sections -fdata-sections -Wall -fstack-usage -fcyclomatic-complexity -MMD -MP -MF"Drivers/STM32L4xx_HAL_Driver/Src/stm32l4xx_hal_cortex.d" -MT"Drivers/STM32L4xx_HAL_Driver/Src/stm32l4xx_hal_cortex.o" --specs=nano.specs -mfpu=fpv4-sp-d16 -mfloat-abi=hard -mthumb -o "Drivers/STM32L4xx_HAL_Driver/Src/stm32l4xx_hal_cortex.o"
arm-none-eabi-gcc "../Drivers/STM32L4xx_HAL_Driver/Src/stm32l4xx_hal_dma.c" -mcpu=cortex-m4 -std=gnu11 -g3 -DUSE_HAL_DRIVER -DSTM32L476xx -c -I../Inc -I"D:/BITSILICA/SALMAN/Learning/STM32/STM32_Projects/STM32L476RG_Drivers/001_GPIO_IP_OP/Drivers/CMSIS/Include" -I"D:/BITSILICA/SALMAN/Learning/STM32/STM32_Projects/STM32L476RG_Drivers/001_GPIO_IP_OP/Drivers/CMSIS/Device/ST/STM32L4xx/Include" -I"D:/BITSILICA/SALMAN/Learning/STM32/STM32_Projects/STM32L476RG_Drivers/001_GPIO_IP_OP/Drivers/STM32L4xx_HAL_Driver/Inc" -I"D:/BITSILICA/SALMAN/Learning/STM32/STM32_Projects/STM32L476RG_Drivers/001_GPIO_IP_OP/Drivers" -O0 -ffunction-sections -fdata-sections -Wall -fstack-usage -fcyclomatic-complexity -MMD -MP -MF"Drivers/STM32L4xx_HAL_Driver/Src/stm32l4xx_hal_dma.d" -MT"Drivers/STM32L4xx_HAL_Driver/Src/stm32l4xx_hal_dma.o" --specs=nano.specs -mfpu=fpv4-sp-d16 -mfloat-abi=hard -mthumb -o "Drivers/STM32L4xx_HAL_Driver/Src/stm32l4xx_hal_dma.o"
arm-none-eabi-gcc "../Drivers/STM32L4xx_HAL_Driver/Src/stm32l4xx_hal_dma_ex.c" -mcpu=cortex-m4 -std=gnu11 -g3 -DUSE_HAL_DRIVER -DSTM32L476xx -c -I../Inc -I"D:/BITSILICA/SALMAN/Learning/STM32/STM32_Projects/STM32L476RG_Drivers/001_GPIO_IP_OP/Drivers/CMSIS/Include" -I"D:/BITSILICA/SALMAN/Learning/STM32/STM32_Projects/STM32L476RG_Drivers/001_GPIO_IP_OP/Drivers/CMSIS/Device/ST/STM32L4xx/Include" -I"D:/BITSILICA/SALMAN/Learning/STM32/STM32_Projects/STM32L476RG_Drivers/001_GPIO_IP_OP/Drivers/STM32L4xx_HAL_Driver/Inc" -I"D:/BITSILICA/SALMAN/Learning/STM32/STM32_Projects/STM32L476RG_Drivers/001_GPIO_IP_OP/Drivers" -O0 -ffunction-sections -fdata-sections -Wall -fstack-usage -fcyclomatic-complexity -MMD -MP -MF"Drivers/STM32L4xx_HAL_Driver/Src/stm32l4xx_hal_dma_ex.d" -MT"Drivers/STM32L4xx_HAL_Driver/Src/stm32l4xx_hal_dma_ex.o" --specs=nano.specs -mfpu=fpv4-sp-d16 -mfloat-abi=hard -mthumb -o "Drivers/STM32L4xx_HAL_Driver/Src/stm32l4xx_hal_dma_ex.o"
arm-none-eabi-gcc "../Drivers/STM32L4xx_HAL_Driver/Src/stm32l4xx_hal_exti.c" -mcpu=cortex-m4 -std=gnu11 -g3 -DUSE_HAL_DRIVER -DSTM32L476xx -c -I../Inc -I"D:/BITSILICA/SALMAN/Learning/STM32/STM32_Projects/STM32L476RG_Drivers/001_GPIO_IP_OP/Drivers/CMSIS/Include" -I"D:/BITSILICA/SALMAN/Learning/STM32/STM32_Projects/STM32L476RG_Drivers/001_GPIO_IP_OP/Drivers/CMSIS/Device/ST/STM32L4xx/Include" -I"D:/BITSILICA/SALMAN/Learning/STM32/STM32_Projects/STM32L476RG_Drivers/001_GPIO_IP_OP/Drivers/STM32L4xx_HAL_Driver/Inc" -I"D:/BITSILICA/SALMAN/Learning/STM32/STM32_Projects/STM32L476RG_Drivers/001_GPIO_IP_OP/Drivers" -O0 -ffunction-sections -fdata-sections -Wall -fstack-usage -fcyclomatic-complexity -MMD -MP -MF"Drivers/STM32L4xx_HAL_Driver/Src/stm32l4xx_hal_exti.d" -MT"Drivers/STM32L4xx_HAL_Driver/Src/stm32l4xx_hal_exti.o" --specs=nano.specs -mfpu=fpv4-sp-d16 -mfloat-abi=hard -mthumb -o "Drivers/STM32L4xx_HAL_Driver/Src/stm32l4xx_hal_exti.o"
arm-none-eabi-gcc "../Drivers/STM32L4xx_HAL_Driver/Src/stm32l4xx_hal_flash.c" -mcpu=cortex-m4 -std=gnu11 -g3 -DUSE_HAL_DRIVER -DSTM32L476xx -c -I../Inc -I"D:/BITSILICA/SALMAN/Learning/STM32/STM32_Projects/STM32L476RG_Drivers/001_GPIO_IP_OP/Drivers/CMSIS/Include" -I"D:/BITSILICA/SALMAN/Learning/STM32/STM32_Projects/STM32L476RG_Drivers/001_GPIO_IP_OP/Drivers/CMSIS/Device/ST/STM32L4xx/Include" -I"D:/BITSILICA/SALMAN/Learning/STM32/STM32_Projects/STM32L476RG_Drivers/001_GPIO_IP_OP/Drivers/STM32L4xx_HAL_Driver/Inc" -I"D:/BITSILICA/SALMAN/Learning/STM32/STM32_Projects/STM32L476RG_Drivers/001_GPIO_IP_OP/Drivers" -O0 -ffunction-sections -fdata-sections -Wall -fstack-usage -fcyclomatic-complexity -MMD -MP -MF"Drivers/STM32L4xx_HAL_Driver/Src/stm32l4xx_hal_flash.d" -MT"Drivers/STM32L4xx_HAL_Driver/Src/stm32l4xx_hal_flash.o" --specs=nano.specs -mfpu=fpv4-sp-d16 -mfloat-abi=hard -mthumb -o "Drivers/STM32L4xx_HAL_Driver/Src/stm32l4xx_hal_flash.o"
arm-none-eabi-gcc "../Drivers/STM32L4xx_HAL_Driver/Src/stm32l4xx_hal_flash_ex.c" -mcpu=cortex-m4 -std=gnu11 -g3 -DUSE_HAL_DRIVER -DSTM32L476xx -c -I../Inc -I"D:/BITSILICA/SALMAN/Learning/STM32/STM32_Projects/STM32L476RG_Drivers/001_GPIO_IP_OP/Drivers/CMSIS/Include" -I"D:/BITSILICA/SALMAN/Learning/STM32/STM32_Projects/STM32L476RG_Drivers/001_GPIO_IP_OP/Drivers/CMSIS/Device/ST/STM32L4xx/Include" -I"D:/BITSILICA/SALMAN/Learning/STM32/STM32_Projects/STM32L476RG_Drivers/001_GPIO_IP_OP/Drivers/STM32L4xx_HAL_Driver/Inc" -I"D:/BITSILICA/SALMAN/Learning/STM32/STM32_Projects/STM32L476RG_Drivers/001_GPIO_IP_OP/Drivers" -O0 -ffunction-sections -fdata-sections -Wall -fstack-usage -fcyclomatic-complexity -MMD -MP -MF"Drivers/STM32L4xx_HAL_Driver/Src/stm32l4xx_hal_flash_ex.d" -MT"Drivers/STM32L4xx_HAL_Driver/Src/stm32l4xx_hal_flash_ex.o" --specs=nano.specs -mfpu=fpv4-sp-d16 -mfloat-abi=hard -mthumb -o "Drivers/STM32L4xx_HAL_Driver/Src/stm32l4xx_hal_flash_ex.o"
arm-none-eabi-gcc "../Drivers/STM32L4xx_HAL_Driver/Src/stm32l4xx_hal_flash_ramfunc.c" -mcpu=cortex-m4 -std=gnu11 -g3 -DUSE_HAL_DRIVER -DSTM32L476xx -c -I../Inc -I"D:/BITSILICA/SALMAN/Learning/STM32/STM32_Projects/STM32L476RG_Drivers/001_GPIO_IP_OP/Drivers/CMSIS/Include" -I"D:/BITSILICA/SALMAN/Learning/STM32/STM32_Projects/STM32L476RG_Drivers/001_GPIO_IP_OP/Drivers/CMSIS/Device/ST/STM32L4xx/Include" -I"D:/BITSILICA/SALMAN/Learning/STM32/STM32_Projects/STM32L476RG_Drivers/001_GPIO_IP_OP/Drivers/STM32L4xx_HAL_Driver/Inc" -I"D:/BITSILICA/SALMAN/Learning/STM32/STM32_Projects/STM32L476RG_Drivers/001_GPIO_IP_OP/Drivers" -O0 -ffunction-sections -fdata-sections -Wall -fstack-usage -fcyclomatic-complexity -MMD -MP -MF"Drivers/STM32L4xx_HAL_Driver/Src/stm32l4xx_hal_flash_ramfunc.d" -MT"Drivers/STM32L4xx_HAL_Driver/Src/stm32l4xx_hal_flash_ramfunc.o" --specs=nano.specs -mfpu=fpv4-sp-d16 -mfloat-abi=hard -mthumb -o "Drivers/STM32L4xx_HAL_Driver/Src/stm32l4xx_hal_flash_ramfunc.o"
arm-none-eabi-gcc "../Drivers/STM32L4xx_HAL_Driver/Src/stm32l4xx_hal_gpio.c" -mcpu=cortex-m4 -std=gnu11 -g3 -DUSE_HAL_DRIVER -DSTM32L476xx -c -I../Inc -I"D:/BITSILICA/SALMAN/Learning/STM32/STM32_Projects/STM32L476RG_Drivers/001_GPIO_IP_OP/Drivers/CMSIS/Include" -I"D:/BITSILICA/SALMAN/Learning/STM32/STM32_Projects/STM32L476RG_Drivers/001_GPIO_IP_OP/Drivers/CMSIS/Device/ST/STM32L4xx/Include" -I"D:/BITSILICA/SALMAN/Learning/STM32/STM32_Projects/STM32L476RG_Drivers/001_GPIO_IP_OP/Drivers/STM32L4xx_HAL_Driver/Inc" -I"D:/BITSILICA/SALMAN/Learning/STM32/STM32_Projects/STM32L476RG_Drivers/001_GPIO_IP_OP/Drivers" -O0 -ffunction-sections -fdata-sections -Wall -fstack-usage -fcyclomatic-complexity -MMD -MP -MF"Drivers/STM32L4xx_HAL_Driver/Src/stm32l4xx_hal_gpio.d" -MT"Drivers/STM32L4xx_HAL_Driver/Src/stm32l4xx_hal_gpio.o" --specs=nano.specs -mfpu=fpv4-sp-d16 -mfloat-abi=hard -mthumb -o "Drivers/STM32L4xx_HAL_Driver/Src/stm32l4xx_hal_gpio.o"
arm-none-eabi-gcc "../Drivers/STM32L4xx_HAL_Driver/Src/stm32l4xx_hal_pwr.c" -mcpu=cortex-m4 -std=gnu11 -g3 -DUSE_HAL_DRIVER -DSTM32L476xx -c -I../Inc -I"D:/BITSILICA/SALMAN/Learning/STM32/STM32_Projects/STM32L476RG_Drivers/001_GPIO_IP_OP/Drivers/CMSIS/Include" -I"D:/BITSILICA/SALMAN/Learning/STM32/STM32_Projects/STM32L476RG_Drivers/001_GPIO_IP_OP/Drivers/CMSIS/Device/ST/STM32L4xx/Include" -I"D:/BITSILICA/SALMAN/Learning/STM32/STM32_Projects/STM32L476RG_Drivers/001_GPIO_IP_OP/Drivers/STM32L4xx_HAL_Driver/Inc" -I"D:/BITSILICA/SALMAN/Learning/STM32/STM32_Projects/STM32L476RG_Drivers/001_GPIO_IP_OP/Drivers" -O0 -ffunction-sections -fdata-sections -Wall -fstack-usage -fcyclomatic-complexity -MMD -MP -MF"Drivers/STM32L4xx_HAL_Driver/Src/stm32l4xx_hal_pwr.d" -MT"Drivers/STM32L4xx_HAL_Driver/Src/stm32l4xx_hal_pwr.o" --specs=nano.specs -mfpu=fpv4-sp-d16 -mfloat-abi=hard -mthumb -o "Drivers/STM32L4xx_HAL_Driver/Src/stm32l4xx_hal_pwr.o"
In file included from ../Inc/stm32l4xx_hal_conf.h:330,
                 from D:/BITSILICA/SALMAN/Learning/STM32/STM32_Projects/STM32L476RG_Drivers/001_GPIO_IP_OP/Drivers/STM32L4xx_HAL_Driver/Inc/stm32l4xx_hal.h:29,
                 from ../Drivers/STM32L4xx_HAL_Driver/Src/stm32l4xx_hal.c:36:
D:/BITSILICA/SALMAN/Learning/STM32/STM32_Projects/STM32L476RG_Drivers/001_GPIO_IP_OP/Drivers/STM32L4xx_HAL_Driver/Inc/stm32l4xx_hal_flash.h:772:10: fatal error: stm32l4xx_hal_flash_ramfunc.h: No such file or directory
  772 | #include "stm32l4xx_hal_flash_ramfunc.h"
      |          ^~~~~~~~~~~~~~~~~~~~~~~~~~~~~~~
compilation terminated.
In file included from ../Inc/stm32l4xx_hal_conf.h:330,
                 from D:/BITSILICA/SALMAN/Learning/STM32/STM32_Projects/STM32L476RG_Drivers/001_GPIO_IP_OP/Drivers/STM32L4xx_HAL_Driver/Inc/stm32l4xx_hal.h:29,
                 from ../Drivers/STM32L4xx_HAL_Driver/Src/stm32l4xx_hal_cortex.c:104:
D:/BITSILICA/SALMAN/Learning/STM32/STM32_Projects/STM32L476RG_Drivers/001_GPIO_IP_OP/Drivers/STM32L4xx_HAL_Driver/Inc/stm32l4xx_hal_flash.h:772:10: fatal error: stm32l4xx_hal_flash_ramfunc.h: No such file or directory
  772 | #include "stm32l4xx_hal_flash_ramfunc.h"
      |          ^~~~~~~~~~~~~~~~~~~~~~~~~~~~~~~
compilation terminated.
arm-none-eabi-gcc "../Drivers/STM32L4xx_HAL_Driver/Src/stm32l4xx_hal_pwr_ex.c" -mcpu=cortex-m4 -std=gnu11 -g3 -DUSE_HAL_DRIVER -DSTM32L476xx -c -I../Inc -I"D:/BITSILICA/SALMAN/Learning/STM32/STM32_Projects/STM32L476RG_Drivers/001_GPIO_IP_OP/Drivers/CMSIS/Include" -I"D:/BITSILICA/SALMAN/Learning/STM32/STM32_Projects/STM32L476RG_Drivers/001_GPIO_IP_OP/Drivers/CMSIS/Device/ST/STM32L4xx/Include" -I"D:/BITSILICA/SALMAN/Learning/STM32/STM32_Projects/STM32L476RG_Drivers/001_GPIO_IP_OP/Drivers/STM32L4xx_HAL_Driver/Inc" -I"D:/BITSILICA/SALMAN/Learning/STM32/STM32_Projects/STM32L476RG_Drivers/001_GPIO_IP_OP/Drivers" -O0 -ffunction-sections -fdata-sections -Wall -fstack-usage -fcyclomatic-complexity -MMD -MP -MF"Drivers/STM32L4xx_HAL_Driver/Src/stm32l4xx_hal_pwr_ex.d" -MT"Drivers/STM32L4xx_HAL_Driver/Src/stm32l4xx_hal_pwr_ex.o" --specs=nano.specs -mfpu=fpv4-sp-d16 -mfloat-abi=hard -mthumb -o "Drivers/STM32L4xx_HAL_Driver/Src/stm32l4xx_hal_pwr_ex.o"
make: *** [Drivers/STM32L4xx_HAL_Driver/Src/subdir.mk:55: Drivers/STM32L4xx_HAL_Driver/Src/stm32l4xx_hal.o] Error 1
make: *** Waiting for unfinished jobs....
In file included from ../Inc/stm32l4xx_hal_conf.h:330,
                 from D:/BITSILICA/SALMAN/Learning/STM32/STM32_Projects/STM32L476RG_Drivers/001_GPIO_IP_OP/Drivers/STM32L4xx_HAL_Driver/Inc/stm32l4xx_hal.h:29,
                 from ../Drivers/STM32L4xx_HAL_Driver/Src/stm32l4xx_hal_dma.c:91:
D:/BITSILICA/SALMAN/Learning/STM32/STM32_Projects/STM32L476RG_Drivers/001_GPIO_IP_OP/Drivers/STM32L4xx_HAL_Driver/Inc/stm32l4xx_hal_flash.h:772:10: fatal error: stm32l4xx_hal_flash_ramfunc.h: No such file or directory
  772 | #include "stm32l4xx_hal_flash_ramfunc.h"
      |          ^~~~~~~~~~~~~~~~~~~~~~~~~~~~~~~
compilation terminated.
make: *** [Drivers/STM32L4xx_HAL_Driver/Src/subdir.mk:55: Drivers/STM32L4xx_HAL_Driver/Src/stm32l4xx_hal_cortex.o] Error 1
In file included from ../Inc/stm32l4xx_hal_conf.h:330,
                 from D:/BITSILICA/SALMAN/Learning/STM32/STM32_Projects/STM32L476RG_Drivers/001_GPIO_IP_OP/Drivers/STM32L4xx_HAL_Driver/Inc/stm32l4xx_hal.h:29,
                 from ../Drivers/STM32L4xx_HAL_Driver/Src/stm32l4xx_hal_exti.c:86:
D:/BITSILICA/SALMAN/Learning/STM32/STM32_Projects/STM32L476RG_Drivers/001_GPIO_IP_OP/Drivers/STM32L4xx_HAL_Driver/Inc/stm32l4xx_hal_flash.h:772:10: fatal error: stm32l4xx_hal_flash_ramfunc.h: No such file or directory
  772 | #include "stm32l4xx_hal_flash_ramfunc.h"
      |          ^~~~~~~~~~~~~~~~~~~~~~~~~~~~~~~
compilation terminated.
make: *** [Drivers/STM32L4xx_HAL_Driver/Src/subdir.mk:55: Drivers/STM32L4xx_HAL_Driver/Src/stm32l4xx_hal_dma.o] Error 1
make: *** [Drivers/STM32L4xx_HAL_Driver/Src/subdir.mk:55: Drivers/STM32L4xx_HAL_Driver/Src/stm32l4xx_hal_exti.o] Error 1
In file included from ../Inc/stm32l4xx_hal_conf.h:330,
                 from D:/BITSILICA/SALMAN/Learning/STM32/STM32_Projects/STM32L476RG_Drivers/001_GPIO_IP_OP/Drivers/STM32L4xx_HAL_Driver/Inc/stm32l4xx_hal.h:29,
                 from ../Drivers/STM32L4xx_HAL_Driver/Src/stm32l4xx_hal_dma_ex.c:50:
D:/BITSILICA/SALMAN/Learning/STM32/STM32_Projects/STM32L476RG_Drivers/001_GPIO_IP_OP/Drivers/STM32L4xx_HAL_Driver/Inc/stm32l4xx_hal_flash.h:772:10: fatal error: stm32l4xx_hal_flash_ramfunc.h: No such file or directory
  772 | #include "stm32l4xx_hal_flash_ramfunc.h"
      |          ^~~~~~~~~~~~~~~~~~~~~~~~~~~~~~~
compilation terminated.
In file included from ../Inc/stm32l4xx_hal_conf.h:330,
                 from D:/BITSILICA/SALMAN/Learning/STM32/STM32_Projects/STM32L476RG_Drivers/001_GPIO_IP_OP/Drivers/STM32L4xx_HAL_Driver/Inc/stm32l4xx_hal.h:29,
                 from ../Drivers/STM32L4xx_HAL_Driver/Src/stm32l4xx_hal_flash.c:88:
D:/BITSILICA/SALMAN/Learning/STM32/STM32_Projects/STM32L476RG_Drivers/001_GPIO_IP_OP/Drivers/STM32L4xx_HAL_Driver/Inc/stm32l4xx_hal_flash.h:772:10: fatal error: stm32l4xx_hal_flash_ramfunc.h: No such file or directory
  772 | #include "stm32l4xx_hal_flash_ramfunc.h"
      |          ^~~~~~~~~~~~~~~~~~~~~~~~~~~~~~~
compilation terminated.
make: *** [Drivers/STM32L4xx_HAL_Driver/Src/subdir.mk:55: Drivers/STM32L4xx_HAL_Driver/Src/stm32l4xx_hal_dma_ex.o] Error 1
make: *** [Drivers/STM32L4xx_HAL_Driver/Src/subdir.mk:55: Drivers/STM32L4xx_HAL_Driver/Src/stm32l4xx_hal_flash.o] Error 1
In file included from ../Inc/stm32l4xx_hal_conf.h:330,
                 from D:/BITSILICA/SALMAN/Learning/STM32/STM32_Projects/STM32L476RG_Drivers/001_GPIO_IP_OP/Drivers/STM32L4xx_HAL_Driver/Inc/stm32l4xx_hal.h:29,
                 from ../Drivers/STM32L4xx_HAL_Driver/Src/stm32l4xx_hal_flash_ex.c:61:
D:/BITSILICA/SALMAN/Learning/STM32/STM32_Projects/STM32L476RG_Drivers/001_GPIO_IP_OP/Drivers/STM32L4xx_HAL_Driver/Inc/stm32l4xx_hal_flash.h:772:10: fatal error: stm32l4xx_hal_flash_ramfunc.h: No such file or directory
  772 | #include "stm32l4xx_hal_flash_ramfunc.h"
      |          ^~~~~~~~~~~~~~~~~~~~~~~~~~~~~~~
compilation terminated.
In file included from ../Inc/stm32l4xx_hal_conf.h:330,
                 from D:/BITSILICA/SALMAN/Learning/STM32/STM32_Projects/STM32L476RG_Drivers/001_GPIO_IP_OP/Drivers/STM32L4xx_HAL_Driver/Inc/stm32l4xx_hal.h:29,
                 from ../Drivers/STM32L4xx_HAL_Driver/Src/stm32l4xx_hal_flash_ramfunc.c:48:
D:/BITSILICA/SALMAN/Learning/STM32/STM32_Projects/STM32L476RG_Drivers/001_GPIO_IP_OP/Drivers/STM32L4xx_HAL_Driver/Inc/stm32l4xx_hal_flash.h:772:10: fatal error: stm32l4xx_hal_flash_ramfunc.h: No such file or directory
  772 | #include "stm32l4xx_hal_flash_ramfunc.h"
      |          ^~~~~~~~~~~~~~~~~~~~~~~~~~~~~~~
compilation terminated.
make: *** [Drivers/STM32L4xx_HAL_Driver/Src/subdir.mk:55: Drivers/STM32L4xx_HAL_Driver/Src/stm32l4xx_hal_flash_ex.o] Error 1
make: *** [Drivers/STM32L4xx_HAL_Driver/Src/subdir.mk:55: Drivers/STM32L4xx_HAL_Driver/Src/stm32l4xx_hal_flash_ramfunc.o] Error 1
In file included from ../Inc/stm32l4xx_hal_conf.h:330,
                 from D:/BITSILICA/SALMAN/Learning/STM32/STM32_Projects/STM32L476RG_Drivers/001_GPIO_IP_OP/Drivers/STM32L4xx_HAL_Driver/Inc/stm32l4xx_hal.h:29,
                 from ../Drivers/STM32L4xx_HAL_Driver/Src/stm32l4xx_hal_gpio.c:106:
D:/BITSILICA/SALMAN/Learning/STM32/STM32_Projects/STM32L476RG_Drivers/001_GPIO_IP_OP/Drivers/STM32L4xx_HAL_Driver/Inc/stm32l4xx_hal_flash.h:772:10: fatal error: stm32l4xx_hal_flash_ramfunc.h: No such file or directory
  772 | #include "stm32l4xx_hal_flash_ramfunc.h"
      |          ^~~~~~~~~~~~~~~~~~~~~~~~~~~~~~~
compilation terminated.
make: *** [Drivers/STM32L4xx_HAL_Driver/Src/subdir.mk:55: Drivers/STM32L4xx_HAL_Driver/Src/stm32l4xx_hal_gpio.o] Error 1
In file included from ../Inc/stm32l4xx_hal_conf.h:330,
                 from D:/BITSILICA/SALMAN/Learning/STM32/STM32_Projects/STM32L476RG_Drivers/001_GPIO_IP_OP/Drivers/STM32L4xx_HAL_Driver/Inc/stm32l4xx_hal.h:29,
                 from ../Drivers/STM32L4xx_HAL_Driver/Src/stm32l4xx_hal_pwr.c:25:
D:/BITSILICA/SALMAN/Learning/STM32/STM32_Projects/STM32L476RG_Drivers/001_GPIO_IP_OP/Drivers/STM32L4xx_HAL_Driver/Inc/stm32l4xx_hal_flash.h:772:10: fatal error: stm32l4xx_hal_flash_ramfunc.h: No such file or directory
  772 | #include "stm32l4xx_hal_flash_ramfunc.h"
      |          ^~~~~~~~~~~~~~~~~~~~~~~~~~~~~~~
compilation terminated.
make: *** [Drivers/STM32L4xx_HAL_Driver/Src/subdir.mk:55: Drivers/STM32L4xx_HAL_Driver/Src/stm32l4xx_hal_pwr.o] Error 1
In file included from ../Inc/stm32l4xx_hal_conf.h:330,
                 from D:/BITSILICA/SALMAN/Learning/STM32/STM32_Projects/STM32L476RG_Drivers/001_GPIO_IP_OP/Drivers/STM32L4xx_HAL_Driver/Inc/stm32l4xx_hal.h:29,
                 from ../Drivers/STM32L4xx_HAL_Driver/Src/stm32l4xx_hal_pwr_ex.c:25:
D:/BITSILICA/SALMAN/Learning/STM32/STM32_Projects/STM32L476RG_Drivers/001_GPIO_IP_OP/Drivers/STM32L4xx_HAL_Driver/Inc/stm32l4xx_hal_flash.h:772:10: fatal error: stm32l4xx_hal_flash_ramfunc.h: No such file or directory
  772 | #include "stm32l4xx_hal_flash_ramfunc.h"
      |          ^~~~~~~~~~~~~~~~~~~~~~~~~~~~~~~
compilation terminated.
make: *** [Drivers/STM32L4xx_HAL_Driver/Src/subdir.mk:55: Drivers/STM32L4xx_HAL_Driver/Src/stm32l4xx_hal_pwr_ex.o] Error 1
"make -j12 all" terminated with exit code 2. Build might be incomplete.
14:40:44 **** Incremental Build of configuration Debug for project 001_GPIO_IP_OP ****
make -j12 all 
arm-none-eabi-gcc "../Src/main.c" -mcpu=cortex-m4 -std=gnu11 -g3 -DUSE_HAL_DRIVER -DSTM32L476xx -c -I../Inc -I"D:/BITSILICA/SALMAN/Learning/STM32/STM32_Projects/STM32L476RG_Drivers/001_GPIO_IP_OP/Drivers/CMSIS/Include" -I"D:/BITSILICA/SALMAN/Learning/STM32/STM32_Projects/STM32L476RG_Drivers/001_GPIO_IP_OP/Drivers/CMSIS/Device/ST/STM32L4xx/Include" -I"D:/BITSILICA/SALMAN/Learning/STM32/STM32_Projects/STM32L476RG_Drivers/001_GPIO_IP_OP/Drivers/STM32L4xx_HAL_Driver/Inc" -I"D:/BITSILICA/SALMAN/Learning/STM32/STM32_Projects/STM32L476RG_Drivers/001_GPIO_IP_OP/Drivers" -I"D:/BITSILICA/SALMAN/Learning/STM32/STM32_Projects/STM32L476RG_Drivers/001_GPIO_IP_OP/Drivers/STM32L4xx_HAL_Driver" -O0 -ffunction-sections -fdata-sections -Wall -fstack-usage -fcyclomatic-complexity -MMD -MP -MF"Src/main.d" -MT"Src/main.o" --specs=nano.specs -mfpu=fpv4-sp-d16 -mfloat-abi=hard -mthumb -o "Src/main.o"
arm-none-eabi-gcc "../Src/syscalls.c" -mcpu=cortex-m4 -std=gnu11 -g3 -DUSE_HAL_DRIVER -DSTM32L476xx -c -I../Inc -I"D:/BITSILICA/SALMAN/Learning/STM32/STM32_Projects/STM32L476RG_Drivers/001_GPIO_IP_OP/Drivers/CMSIS/Include" -I"D:/BITSILICA/SALMAN/Learning/STM32/STM32_Projects/STM32L476RG_Drivers/001_GPIO_IP_OP/Drivers/CMSIS/Device/ST/STM32L4xx/Include" -I"D:/BITSILICA/SALMAN/Learning/STM32/STM32_Projects/STM32L476RG_Drivers/001_GPIO_IP_OP/Drivers/STM32L4xx_HAL_Driver/Inc" -I"D:/BITSILICA/SALMAN/Learning/STM32/STM32_Projects/STM32L476RG_Drivers/001_GPIO_IP_OP/Drivers" -I"D:/BITSILICA/SALMAN/Learning/STM32/STM32_Projects/STM32L476RG_Drivers/001_GPIO_IP_OP/Drivers/STM32L4xx_HAL_Driver" -O0 -ffunction-sections -fdata-sections -Wall -fstack-usage -fcyclomatic-complexity -MMD -MP -MF"Src/syscalls.d" -MT"Src/syscalls.o" --specs=nano.specs -mfpu=fpv4-sp-d16 -mfloat-abi=hard -mthumb -o "Src/syscalls.o"
arm-none-eabi-gcc "../Src/sysmem.c" -mcpu=cortex-m4 -std=gnu11 -g3 -DUSE_HAL_DRIVER -DSTM32L476xx -c -I../Inc -I"D:/BITSILICA/SALMAN/Learning/STM32/STM32_Projects/STM32L476RG_Drivers/001_GPIO_IP_OP/Drivers/CMSIS/Include" -I"D:/BITSILICA/SALMAN/Learning/STM32/STM32_Projects/STM32L476RG_Drivers/001_GPIO_IP_OP/Drivers/CMSIS/Device/ST/STM32L4xx/Include" -I"D:/BITSILICA/SALMAN/Learning/STM32/STM32_Projects/STM32L476RG_Drivers/001_GPIO_IP_OP/Drivers/STM32L4xx_HAL_Driver/Inc" -I"D:/BITSILICA/SALMAN/Learning/STM32/STM32_Projects/STM32L476RG_Drivers/001_GPIO_IP_OP/Drivers" -I"D:/BITSILICA/SALMAN/Learning/STM32/STM32_Projects/STM32L476RG_Drivers/001_GPIO_IP_OP/Drivers/STM32L4xx_HAL_Driver" -O0 -ffunction-sections -fdata-sections -Wall -fstack-usage -fcyclomatic-complexity -MMD -MP -MF"Src/sysmem.d" -MT"Src/sysmem.o" --specs=nano.specs -mfpu=fpv4-sp-d16 -mfloat-abi=hard -mthumb -o "Src/sysmem.o"
arm-none-eabi-gcc "../Src/system_stm32l4xx.c" -mcpu=cortex-m4 -std=gnu11 -g3 -DUSE_HAL_DRIVER -DSTM32L476xx -c -I../Inc -I"D:/BITSILICA/SALMAN/Learning/STM32/STM32_Projects/STM32L476RG_Drivers/001_GPIO_IP_OP/Drivers/CMSIS/Include" -I"D:/BITSILICA/SALMAN/Learning/STM32/STM32_Projects/STM32L476RG_Drivers/001_GPIO_IP_OP/Drivers/CMSIS/Device/ST/STM32L4xx/Include" -I"D:/BITSILICA/SALMAN/Learning/STM32/STM32_Projects/STM32L476RG_Drivers/001_GPIO_IP_OP/Drivers/STM32L4xx_HAL_Driver/Inc" -I"D:/BITSILICA/SALMAN/Learning/STM32/STM32_Projects/STM32L476RG_Drivers/001_GPIO_IP_OP/Drivers" -I"D:/BITSILICA/SALMAN/Learning/STM32/STM32_Projects/STM32L476RG_Drivers/001_GPIO_IP_OP/Drivers/STM32L4xx_HAL_Driver" -O0 -ffunction-sections -fdata-sections -Wall -fstack-usage -fcyclomatic-complexity -MMD -MP -MF"Src/system_stm32l4xx.d" -MT"Src/system_stm32l4xx.o" --specs=nano.specs -mfpu=fpv4-sp-d16 -mfloat-abi=hard -mthumb -o "Src/system_stm32l4xx.o"
arm-none-eabi-gcc "../Drivers/STM32L4xx_HAL_Driver/Src/stm32l4xx_hal.c" -mcpu=cortex-m4 -std=gnu11 -g3 -DUSE_HAL_DRIVER -DSTM32L476xx -c -I../Inc -I"D:/BITSILICA/SALMAN/Learning/STM32/STM32_Projects/STM32L476RG_Drivers/001_GPIO_IP_OP/Drivers/CMSIS/Include" -I"D:/BITSILICA/SALMAN/Learning/STM32/STM32_Projects/STM32L476RG_Drivers/001_GPIO_IP_OP/Drivers/CMSIS/Device/ST/STM32L4xx/Include" -I"D:/BITSILICA/SALMAN/Learning/STM32/STM32_Projects/STM32L476RG_Drivers/001_GPIO_IP_OP/Drivers/STM32L4xx_HAL_Driver/Inc" -I"D:/BITSILICA/SALMAN/Learning/STM32/STM32_Projects/STM32L476RG_Drivers/001_GPIO_IP_OP/Drivers" -I"D:/BITSILICA/SALMAN/Learning/STM32/STM32_Projects/STM32L476RG_Drivers/001_GPIO_IP_OP/Drivers/STM32L4xx_HAL_Driver" -O0 -ffunction-sections -fdata-sections -Wall -fstack-usage -fcyclomatic-complexity -MMD -MP -MF"Drivers/STM32L4xx_HAL_Driver/Src/stm32l4xx_hal.d" -MT"Drivers/STM32L4xx_HAL_Driver/Src/stm32l4xx_hal.o" --specs=nano.specs -mfpu=fpv4-sp-d16 -mfloat-abi=hard -mthumb -o "Drivers/STM32L4xx_HAL_Driver/Src/stm32l4xx_hal.o"
arm-none-eabi-gcc "../Drivers/STM32L4xx_HAL_Driver/Src/stm32l4xx_hal_cortex.c" -mcpu=cortex-m4 -std=gnu11 -g3 -DUSE_HAL_DRIVER -DSTM32L476xx -c -I../Inc -I"D:/BITSILICA/SALMAN/Learning/STM32/STM32_Projects/STM32L476RG_Drivers/001_GPIO_IP_OP/Drivers/CMSIS/Include" -I"D:/BITSILICA/SALMAN/Learning/STM32/STM32_Projects/STM32L476RG_Drivers/001_GPIO_IP_OP/Drivers/CMSIS/Device/ST/STM32L4xx/Include" -I"D:/BITSILICA/SALMAN/Learning/STM32/STM32_Projects/STM32L476RG_Drivers/001_GPIO_IP_OP/Drivers/STM32L4xx_HAL_Driver/Inc" -I"D:/BITSILICA/SALMAN/Learning/STM32/STM32_Projects/STM32L476RG_Drivers/001_GPIO_IP_OP/Drivers" -I"D:/BITSILICA/SALMAN/Learning/STM32/STM32_Projects/STM32L476RG_Drivers/001_GPIO_IP_OP/Drivers/STM32L4xx_HAL_Driver" -O0 -ffunction-sections -fdata-sections -Wall -fstack-usage -fcyclomatic-complexity -MMD -MP -MF"Drivers/STM32L4xx_HAL_Driver/Src/stm32l4xx_hal_cortex.d" -MT"Drivers/STM32L4xx_HAL_Driver/Src/stm32l4xx_hal_cortex.o" --specs=nano.specs -mfpu=fpv4-sp-d16 -mfloat-abi=hard -mthumb -o "Drivers/STM32L4xx_HAL_Driver/Src/stm32l4xx_hal_cortex.o"
arm-none-eabi-gcc "../Drivers/STM32L4xx_HAL_Driver/Src/stm32l4xx_hal_dma.c" -mcpu=cortex-m4 -std=gnu11 -g3 -DUSE_HAL_DRIVER -DSTM32L476xx -c -I../Inc -I"D:/BITSILICA/SALMAN/Learning/STM32/STM32_Projects/STM32L476RG_Drivers/001_GPIO_IP_OP/Drivers/CMSIS/Include" -I"D:/BITSILICA/SALMAN/Learning/STM32/STM32_Projects/STM32L476RG_Drivers/001_GPIO_IP_OP/Drivers/CMSIS/Device/ST/STM32L4xx/Include" -I"D:/BITSILICA/SALMAN/Learning/STM32/STM32_Projects/STM32L476RG_Drivers/001_GPIO_IP_OP/Drivers/STM32L4xx_HAL_Driver/Inc" -I"D:/BITSILICA/SALMAN/Learning/STM32/STM32_Projects/STM32L476RG_Drivers/001_GPIO_IP_OP/Drivers" -I"D:/BITSILICA/SALMAN/Learning/STM32/STM32_Projects/STM32L476RG_Drivers/001_GPIO_IP_OP/Drivers/STM32L4xx_HAL_Driver" -O0 -ffunction-sections -fdata-sections -Wall -fstack-usage -fcyclomatic-complexity -MMD -MP -MF"Drivers/STM32L4xx_HAL_Driver/Src/stm32l4xx_hal_dma.d" -MT"Drivers/STM32L4xx_HAL_Driver/Src/stm32l4xx_hal_dma.o" --specs=nano.specs -mfpu=fpv4-sp-d16 -mfloat-abi=hard -mthumb -o "Drivers/STM32L4xx_HAL_Driver/Src/stm32l4xx_hal_dma.o"
arm-none-eabi-gcc "../Drivers/STM32L4xx_HAL_Driver/Src/stm32l4xx_hal_dma_ex.c" -mcpu=cortex-m4 -std=gnu11 -g3 -DUSE_HAL_DRIVER -DSTM32L476xx -c -I../Inc -I"D:/BITSILICA/SALMAN/Learning/STM32/STM32_Projects/STM32L476RG_Drivers/001_GPIO_IP_OP/Drivers/CMSIS/Include" -I"D:/BITSILICA/SALMAN/Learning/STM32/STM32_Projects/STM32L476RG_Drivers/001_GPIO_IP_OP/Drivers/CMSIS/Device/ST/STM32L4xx/Include" -I"D:/BITSILICA/SALMAN/Learning/STM32/STM32_Projects/STM32L476RG_Drivers/001_GPIO_IP_OP/Drivers/STM32L4xx_HAL_Driver/Inc" -I"D:/BITSILICA/SALMAN/Learning/STM32/STM32_Projects/STM32L476RG_Drivers/001_GPIO_IP_OP/Drivers" -I"D:/BITSILICA/SALMAN/Learning/STM32/STM32_Projects/STM32L476RG_Drivers/001_GPIO_IP_OP/Drivers/STM32L4xx_HAL_Driver" -O0 -ffunction-sections -fdata-sections -Wall -fstack-usage -fcyclomatic-complexity -MMD -MP -MF"Drivers/STM32L4xx_HAL_Driver/Src/stm32l4xx_hal_dma_ex.d" -MT"Drivers/STM32L4xx_HAL_Driver/Src/stm32l4xx_hal_dma_ex.o" --specs=nano.specs -mfpu=fpv4-sp-d16 -mfloat-abi=hard -mthumb -o "Drivers/STM32L4xx_HAL_Driver/Src/stm32l4xx_hal_dma_ex.o"
arm-none-eabi-gcc "../Drivers/STM32L4xx_HAL_Driver/Src/stm32l4xx_hal_exti.c" -mcpu=cortex-m4 -std=gnu11 -g3 -DUSE_HAL_DRIVER -DSTM32L476xx -c -I../Inc -I"D:/BITSILICA/SALMAN/Learning/STM32/STM32_Projects/STM32L476RG_Drivers/001_GPIO_IP_OP/Drivers/CMSIS/Include" -I"D:/BITSILICA/SALMAN/Learning/STM32/STM32_Projects/STM32L476RG_Drivers/001_GPIO_IP_OP/Drivers/CMSIS/Device/ST/STM32L4xx/Include" -I"D:/BITSILICA/SALMAN/Learning/STM32/STM32_Projects/STM32L476RG_Drivers/001_GPIO_IP_OP/Drivers/STM32L4xx_HAL_Driver/Inc" -I"D:/BITSILICA/SALMAN/Learning/STM32/STM32_Projects/STM32L476RG_Drivers/001_GPIO_IP_OP/Drivers" -I"D:/BITSILICA/SALMAN/Learning/STM32/STM32_Projects/STM32L476RG_Drivers/001_GPIO_IP_OP/Drivers/STM32L4xx_HAL_Driver" -O0 -ffunction-sections -fdata-sections -Wall -fstack-usage -fcyclomatic-complexity -MMD -MP -MF"Drivers/STM32L4xx_HAL_Driver/Src/stm32l4xx_hal_exti.d" -MT"Drivers/STM32L4xx_HAL_Driver/Src/stm32l4xx_hal_exti.o" --specs=nano.specs -mfpu=fpv4-sp-d16 -mfloat-abi=hard -mthumb -o "Drivers/STM32L4xx_HAL_Driver/Src/stm32l4xx_hal_exti.o"
arm-none-eabi-gcc "../Drivers/STM32L4xx_HAL_Driver/Src/stm32l4xx_hal_flash.c" -mcpu=cortex-m4 -std=gnu11 -g3 -DUSE_HAL_DRIVER -DSTM32L476xx -c -I../Inc -I"D:/BITSILICA/SALMAN/Learning/STM32/STM32_Projects/STM32L476RG_Drivers/001_GPIO_IP_OP/Drivers/CMSIS/Include" -I"D:/BITSILICA/SALMAN/Learning/STM32/STM32_Projects/STM32L476RG_Drivers/001_GPIO_IP_OP/Drivers/CMSIS/Device/ST/STM32L4xx/Include" -I"D:/BITSILICA/SALMAN/Learning/STM32/STM32_Projects/STM32L476RG_Drivers/001_GPIO_IP_OP/Drivers/STM32L4xx_HAL_Driver/Inc" -I"D:/BITSILICA/SALMAN/Learning/STM32/STM32_Projects/STM32L476RG_Drivers/001_GPIO_IP_OP/Drivers" -I"D:/BITSILICA/SALMAN/Learning/STM32/STM32_Projects/STM32L476RG_Drivers/001_GPIO_IP_OP/Drivers/STM32L4xx_HAL_Driver" -O0 -ffunction-sections -fdata-sections -Wall -fstack-usage -fcyclomatic-complexity -MMD -MP -MF"Drivers/STM32L4xx_HAL_Driver/Src/stm32l4xx_hal_flash.d" -MT"Drivers/STM32L4xx_HAL_Driver/Src/stm32l4xx_hal_flash.o" --specs=nano.specs -mfpu=fpv4-sp-d16 -mfloat-abi=hard -mthumb -o "Drivers/STM32L4xx_HAL_Driver/Src/stm32l4xx_hal_flash.o"
arm-none-eabi-gcc "../Drivers/STM32L4xx_HAL_Driver/Src/stm32l4xx_hal_flash_ex.c" -mcpu=cortex-m4 -std=gnu11 -g3 -DUSE_HAL_DRIVER -DSTM32L476xx -c -I../Inc -I"D:/BITSILICA/SALMAN/Learning/STM32/STM32_Projects/STM32L476RG_Drivers/001_GPIO_IP_OP/Drivers/CMSIS/Include" -I"D:/BITSILICA/SALMAN/Learning/STM32/STM32_Projects/STM32L476RG_Drivers/001_GPIO_IP_OP/Drivers/CMSIS/Device/ST/STM32L4xx/Include" -I"D:/BITSILICA/SALMAN/Learning/STM32/STM32_Projects/STM32L476RG_Drivers/001_GPIO_IP_OP/Drivers/STM32L4xx_HAL_Driver/Inc" -I"D:/BITSILICA/SALMAN/Learning/STM32/STM32_Projects/STM32L476RG_Drivers/001_GPIO_IP_OP/Drivers" -I"D:/BITSILICA/SALMAN/Learning/STM32/STM32_Projects/STM32L476RG_Drivers/001_GPIO_IP_OP/Drivers/STM32L4xx_HAL_Driver" -O0 -ffunction-sections -fdata-sections -Wall -fstack-usage -fcyclomatic-complexity -MMD -MP -MF"Drivers/STM32L4xx_HAL_Driver/Src/stm32l4xx_hal_flash_ex.d" -MT"Drivers/STM32L4xx_HAL_Driver/Src/stm32l4xx_hal_flash_ex.o" --specs=nano.specs -mfpu=fpv4-sp-d16 -mfloat-abi=hard -mthumb -o "Drivers/STM32L4xx_HAL_Driver/Src/stm32l4xx_hal_flash_ex.o"
arm-none-eabi-gcc "../Drivers/STM32L4xx_HAL_Driver/Src/stm32l4xx_hal_flash_ramfunc.c" -mcpu=cortex-m4 -std=gnu11 -g3 -DUSE_HAL_DRIVER -DSTM32L476xx -c -I../Inc -I"D:/BITSILICA/SALMAN/Learning/STM32/STM32_Projects/STM32L476RG_Drivers/001_GPIO_IP_OP/Drivers/CMSIS/Include" -I"D:/BITSILICA/SALMAN/Learning/STM32/STM32_Projects/STM32L476RG_Drivers/001_GPIO_IP_OP/Drivers/CMSIS/Device/ST/STM32L4xx/Include" -I"D:/BITSILICA/SALMAN/Learning/STM32/STM32_Projects/STM32L476RG_Drivers/001_GPIO_IP_OP/Drivers/STM32L4xx_HAL_Driver/Inc" -I"D:/BITSILICA/SALMAN/Learning/STM32/STM32_Projects/STM32L476RG_Drivers/001_GPIO_IP_OP/Drivers" -I"D:/BITSILICA/SALMAN/Learning/STM32/STM32_Projects/STM32L476RG_Drivers/001_GPIO_IP_OP/Drivers/STM32L4xx_HAL_Driver" -O0 -ffunction-sections -fdata-sections -Wall -fstack-usage -fcyclomatic-complexity -MMD -MP -MF"Drivers/STM32L4xx_HAL_Driver/Src/stm32l4xx_hal_flash_ramfunc.d" -MT"Drivers/STM32L4xx_HAL_Driver/Src/stm32l4xx_hal_flash_ramfunc.o" --specs=nano.specs -mfpu=fpv4-sp-d16 -mfloat-abi=hard -mthumb -o "Drivers/STM32L4xx_HAL_Driver/Src/stm32l4xx_hal_flash_ramfunc.o"
arm-none-eabi-gcc "../Drivers/STM32L4xx_HAL_Driver/Src/stm32l4xx_hal_gpio.c" -mcpu=cortex-m4 -std=gnu11 -g3 -DUSE_HAL_DRIVER -DSTM32L476xx -c -I../Inc -I"D:/BITSILICA/SALMAN/Learning/STM32/STM32_Projects/STM32L476RG_Drivers/001_GPIO_IP_OP/Drivers/CMSIS/Include" -I"D:/BITSILICA/SALMAN/Learning/STM32/STM32_Projects/STM32L476RG_Drivers/001_GPIO_IP_OP/Drivers/CMSIS/Device/ST/STM32L4xx/Include" -I"D:/BITSILICA/SALMAN/Learning/STM32/STM32_Projects/STM32L476RG_Drivers/001_GPIO_IP_OP/Drivers/STM32L4xx_HAL_Driver/Inc" -I"D:/BITSILICA/SALMAN/Learning/STM32/STM32_Projects/STM32L476RG_Drivers/001_GPIO_IP_OP/Drivers" -I"D:/BITSILICA/SALMAN/Learning/STM32/STM32_Projects/STM32L476RG_Drivers/001_GPIO_IP_OP/Drivers/STM32L4xx_HAL_Driver" -O0 -ffunction-sections -fdata-sections -Wall -fstack-usage -fcyclomatic-complexity -MMD -MP -MF"Drivers/STM32L4xx_HAL_Driver/Src/stm32l4xx_hal_gpio.d" -MT"Drivers/STM32L4xx_HAL_Driver/Src/stm32l4xx_hal_gpio.o" --specs=nano.specs -mfpu=fpv4-sp-d16 -mfloat-abi=hard -mthumb -o "Drivers/STM32L4xx_HAL_Driver/Src/stm32l4xx_hal_gpio.o"
In file included from ../Inc/stm32l4xx_hal_conf.h:330,
                 from D:/BITSILICA/SALMAN/Learning/STM32/STM32_Projects/STM32L476RG_Drivers/001_GPIO_IP_OP/Drivers/STM32L4xx_HAL_Driver/Inc/stm32l4xx_hal.h:29,
                 from ../Drivers/STM32L4xx_HAL_Driver/Src/stm32l4xx_hal.c:36:
D:/BITSILICA/SALMAN/Learning/STM32/STM32_Projects/STM32L476RG_Drivers/001_GPIO_IP_OP/Drivers/STM32L4xx_HAL_Driver/Inc/stm32l4xx_hal_flash.h:772:10: fatal error: stm32l4xx_hal_flash_ramfunc.h: No such file or directory
  772 | #include "stm32l4xx_hal_flash_ramfunc.h"
      |          ^~~~~~~~~~~~~~~~~~~~~~~~~~~~~~~
compilation terminated.
In file included from ../Inc/stm32l4xx_hal_conf.h:330,
                 from D:/BITSILICA/SALMAN/Learning/STM32/STM32_Projects/STM32L476RG_Drivers/001_GPIO_IP_OP/Drivers/STM32L4xx_HAL_Driver/Inc/stm32l4xx_hal.h:29,
                 from ../Drivers/STM32L4xx_HAL_Driver/Src/stm32l4xx_hal_cortex.c:104:
D:/BITSILICA/SALMAN/Learning/STM32/STM32_Projects/STM32L476RG_Drivers/001_GPIO_IP_OP/Drivers/STM32L4xx_HAL_Driver/Inc/stm32l4xx_hal_flash.h:772:10: fatal error: stm32l4xx_hal_flash_ramfunc.h: No such file or directory
  772 | #include "stm32l4xx_hal_flash_ramfunc.h"
      |          ^~~~~~~~~~~~~~~~~~~~~~~~~~~~~~~
compilation terminated.
arm-none-eabi-gcc "../Drivers/STM32L4xx_HAL_Driver/Src/stm32l4xx_hal_pwr.c" -mcpu=cortex-m4 -std=gnu11 -g3 -DUSE_HAL_DRIVER -DSTM32L476xx -c -I../Inc -I"D:/BITSILICA/SALMAN/Learning/STM32/STM32_Projects/STM32L476RG_Drivers/001_GPIO_IP_OP/Drivers/CMSIS/Include" -I"D:/BITSILICA/SALMAN/Learning/STM32/STM32_Projects/STM32L476RG_Drivers/001_GPIO_IP_OP/Drivers/CMSIS/Device/ST/STM32L4xx/Include" -I"D:/BITSILICA/SALMAN/Learning/STM32/STM32_Projects/STM32L476RG_Drivers/001_GPIO_IP_OP/Drivers/STM32L4xx_HAL_Driver/Inc" -I"D:/BITSILICA/SALMAN/Learning/STM32/STM32_Projects/STM32L476RG_Drivers/001_GPIO_IP_OP/Drivers" -I"D:/BITSILICA/SALMAN/Learning/STM32/STM32_Projects/STM32L476RG_Drivers/001_GPIO_IP_OP/Drivers/STM32L4xx_HAL_Driver" -O0 -ffunction-sections -fdata-sections -Wall -fstack-usage -fcyclomatic-complexity -MMD -MP -MF"Drivers/STM32L4xx_HAL_Driver/Src/stm32l4xx_hal_pwr.d" -MT"Drivers/STM32L4xx_HAL_Driver/Src/stm32l4xx_hal_pwr.o" --specs=nano.specs -mfpu=fpv4-sp-d16 -mfloat-abi=hard -mthumb -o "Drivers/STM32L4xx_HAL_Driver/Src/stm32l4xx_hal_pwr.o"
make: *** [Drivers/STM32L4xx_HAL_Driver/Src/subdir.mk:55: Drivers/STM32L4xx_HAL_Driver/Src/stm32l4xx_hal.o] Error 1
make: *** Waiting for unfinished jobs....
make: *** [Drivers/STM32L4xx_HAL_Driver/Src/subdir.mk:55: Drivers/STM32L4xx_HAL_Driver/Src/stm32l4xx_hal_cortex.o] Error 1
In file included from ../Inc/stm32l4xx_hal_conf.h:330,
                 from D:/BITSILICA/SALMAN/Learning/STM32/STM32_Projects/STM32L476RG_Drivers/001_GPIO_IP_OP/Drivers/STM32L4xx_HAL_Driver/Inc/stm32l4xx_hal.h:29,
                 from ../Drivers/STM32L4xx_HAL_Driver/Src/stm32l4xx_hal_dma.c:91:
D:/BITSILICA/SALMAN/Learning/STM32/STM32_Projects/STM32L476RG_Drivers/001_GPIO_IP_OP/Drivers/STM32L4xx_HAL_Driver/Inc/stm32l4xx_hal_flash.h:772:10: fatal error: stm32l4xx_hal_flash_ramfunc.h: No such file or directory
  772 | #include "stm32l4xx_hal_flash_ramfunc.h"
      |          ^~~~~~~~~~~~~~~~~~~~~~~~~~~~~~~
compilation terminated.
In file included from ../Inc/stm32l4xx_hal_conf.h:330,
                 from D:/BITSILICA/SALMAN/Learning/STM32/STM32_Projects/STM32L476RG_Drivers/001_GPIO_IP_OP/Drivers/STM32L4xx_HAL_Driver/Inc/stm32l4xx_hal.h:29,
                 from ../Drivers/STM32L4xx_HAL_Driver/Src/stm32l4xx_hal_dma_ex.c:50:
D:/BITSILICA/SALMAN/Learning/STM32/STM32_Projects/STM32L476RG_Drivers/001_GPIO_IP_OP/Drivers/STM32L4xx_HAL_Driver/Inc/stm32l4xx_hal_flash.h:772:10: fatal error: stm32l4xx_hal_flash_ramfunc.h: No such file or directory
  772 | #include "stm32l4xx_hal_flash_ramfunc.h"
      |          ^~~~~~~~~~~~~~~~~~~~~~~~~~~~~~~
compilation terminated.
make: *** [Drivers/STM32L4xx_HAL_Driver/Src/subdir.mk:55: Drivers/STM32L4xx_HAL_Driver/Src/stm32l4xx_hal_dma.o] Error 1
In file included from ../Inc/stm32l4xx_hal_conf.h:330,
                 from D:/BITSILICA/SALMAN/Learning/STM32/STM32_Projects/STM32L476RG_Drivers/001_GPIO_IP_OP/Drivers/STM32L4xx_HAL_Driver/Inc/stm32l4xx_hal.h:29,
                 from ../Drivers/STM32L4xx_HAL_Driver/Src/stm32l4xx_hal_exti.c:86:
D:/BITSILICA/SALMAN/Learning/STM32/STM32_Projects/STM32L476RG_Drivers/001_GPIO_IP_OP/Drivers/STM32L4xx_HAL_Driver/Inc/stm32l4xx_hal_flash.h:772:10: fatal error: stm32l4xx_hal_flash_ramfunc.h: No such file or directory
  772 | #include "stm32l4xx_hal_flash_ramfunc.h"
      |          ^~~~~~~~~~~~~~~~~~~~~~~~~~~~~~~
compilation terminated.
make: *** [Drivers/STM32L4xx_HAL_Driver/Src/subdir.mk:55: Drivers/STM32L4xx_HAL_Driver/Src/stm32l4xx_hal_dma_ex.o] Error 1
make: *** [Drivers/STM32L4xx_HAL_Driver/Src/subdir.mk:55: Drivers/STM32L4xx_HAL_Driver/Src/stm32l4xx_hal_exti.o] Error 1
In file included from ../Inc/stm32l4xx_hal_conf.h:330,
                 from D:/BITSILICA/SALMAN/Learning/STM32/STM32_Projects/STM32L476RG_Drivers/001_GPIO_IP_OP/Drivers/STM32L4xx_HAL_Driver/Inc/stm32l4xx_hal.h:29,
                 from ../Drivers/STM32L4xx_HAL_Driver/Src/stm32l4xx_hal_flash.c:88:
D:/BITSILICA/SALMAN/Learning/STM32/STM32_Projects/STM32L476RG_Drivers/001_GPIO_IP_OP/Drivers/STM32L4xx_HAL_Driver/Inc/stm32l4xx_hal_flash.h:772:10: fatal error: stm32l4xx_hal_flash_ramfunc.h: No such file or directory
  772 | #include "stm32l4xx_hal_flash_ramfunc.h"
      |          ^~~~~~~~~~~~~~~~~~~~~~~~~~~~~~~
compilation terminated.
make: *** [Drivers/STM32L4xx_HAL_Driver/Src/subdir.mk:55: Drivers/STM32L4xx_HAL_Driver/Src/stm32l4xx_hal_flash.o] Error 1
In file included from ../Inc/stm32l4xx_hal_conf.h:330,
                 from D:/BITSILICA/SALMAN/Learning/STM32/STM32_Projects/STM32L476RG_Drivers/001_GPIO_IP_OP/Drivers/STM32L4xx_HAL_Driver/Inc/stm32l4xx_hal.h:29,
                 from ../Drivers/STM32L4xx_HAL_Driver/Src/stm32l4xx_hal_flash_ramfunc.c:48:
D:/BITSILICA/SALMAN/Learning/STM32/STM32_Projects/STM32L476RG_Drivers/001_GPIO_IP_OP/Drivers/STM32L4xx_HAL_Driver/Inc/stm32l4xx_hal_flash.h:772:10: fatal error: stm32l4xx_hal_flash_ramfunc.h: No such file or directory
  772 | #include "stm32l4xx_hal_flash_ramfunc.h"
      |          ^~~~~~~~~~~~~~~~~~~~~~~~~~~~~~~
In file included from ../Inc/stm32l4xx_hal_conf.h:330,
                 from D:/BITSILICA/SALMAN/Learning/STM32/STM32_Projects/STM32L476RG_Drivers/001_GPIO_IP_OP/Drivers/STM32L4xx_HAL_Driver/Inc/stm32l4xx_hal.h:29,
                 from ../Drivers/STM32L4xx_HAL_Driver/Src/stm32l4xx_hal_flash_ex.c:61:
D:/BITSILICA/SALMAN/Learning/STM32/STM32_Projects/STM32L476RG_Drivers/001_GPIO_IP_OP/Drivers/STM32L4xx_HAL_Driver/Inc/stm32l4xx_hal_flash.h:772:10: fatal error: stm32l4xx_hal_flash_ramfunc.h: No such file or directory
  772 | #include "stm32l4xx_hal_flash_ramfunc.h"
      |          ^~~~~~~~~~~~~~~~~~~~~~~~~~~~~~~
compilation terminated.
compilation terminated.
make: *** [Drivers/STM32L4xx_HAL_Driver/Src/subdir.mk:55: Drivers/STM32L4xx_HAL_Driver/Src/stm32l4xx_hal_flash_ramfunc.o] Error 1
make: *** [Drivers/STM32L4xx_HAL_Driver/Src/subdir.mk:55: Drivers/STM32L4xx_HAL_Driver/Src/stm32l4xx_hal_flash_ex.o] Error 1
In file included from ../Inc/stm32l4xx_hal_conf.h:330,
                 from D:/BITSILICA/SALMAN/Learning/STM32/STM32_Projects/STM32L476RG_Drivers/001_GPIO_IP_OP/Drivers/STM32L4xx_HAL_Driver/Inc/stm32l4xx_hal.h:29,
                 from ../Drivers/STM32L4xx_HAL_Driver/Src/stm32l4xx_hal_gpio.c:106:
D:/BITSILICA/SALMAN/Learning/STM32/STM32_Projects/STM32L476RG_Drivers/001_GPIO_IP_OP/Drivers/STM32L4xx_HAL_Driver/Inc/stm32l4xx_hal_flash.h:772:10: fatal error: stm32l4xx_hal_flash_ramfunc.h: No such file or directory
  772 | #include "stm32l4xx_hal_flash_ramfunc.h"
      |          ^~~~~~~~~~~~~~~~~~~~~~~~~~~~~~~
compilation terminated.
make: *** [Drivers/STM32L4xx_HAL_Driver/Src/subdir.mk:55: Drivers/STM32L4xx_HAL_Driver/Src/stm32l4xx_hal_gpio.o] Error 1
In file included from ../Inc/stm32l4xx_hal_conf.h:330,
                 from D:/BITSILICA/SALMAN/Learning/STM32/STM32_Projects/STM32L476RG_Drivers/001_GPIO_IP_OP/Drivers/STM32L4xx_HAL_Driver/Inc/stm32l4xx_hal.h:29,
                 from ../Drivers/STM32L4xx_HAL_Driver/Src/stm32l4xx_hal_pwr.c:25:
D:/BITSILICA/SALMAN/Learning/STM32/STM32_Projects/STM32L476RG_Drivers/001_GPIO_IP_OP/Drivers/STM32L4xx_HAL_Driver/Inc/stm32l4xx_hal_flash.h:772:10: fatal error: stm32l4xx_hal_flash_ramfunc.h: No such file or directory
[...]
arm-none-eabi-gcc "../Drivers/STM32L4xx_HAL_Driver/Src/stm32l4xx_hal_gpio.c" -mcpu=cortex-m4 -std=gnu11 -g3 -DUSE_HAL_DRIVER -DSTM32L476xx -c -I../Inc -I"D:/BITSILICA/SALMAN/Learning/STM32/STM32_Projects/STM32L476RG_Drivers/002_UART_Tx_Polling/Drivers/CMSIS/Include" -I"D:/BITSILICA/SALMAN/Learning/STM32/STM32_Projects/STM32L476RG_Drivers/002_UART_Tx_Polling/Drivers/CMSIS/Device/ST/STM32L4xx/Include" -I"D:/BITSILICA/SALMAN/Learning/STM32/STM32_Projects/STM32L476RG_Drivers/002_UART_Tx_Polling/Drivers/STM32L4xx_HAL_Driver/Inc" -O0 -ffunction-sections -fdata-sections -Wall -fstack-usage -fcyclomatic-complexity -MMD -MP -MF"Drivers/STM32L4xx_HAL_Driver/Src/stm32l4xx_hal_gpio.d" -MT"Drivers/STM32L4xx_HAL_Driver/Src/stm32l4xx_hal_gpio.o" --specs=nano.specs -mfpu=fpv4-sp-d16 -mfloat-abi=hard -mthumb -o "Drivers/STM32L4xx_HAL_Driver/Src/stm32l4xx_hal_gpio.o"
arm-none-eabi-gcc "../Drivers/STM32L4xx_HAL_Driver/Src/stm32l4xx_hal_pwr.c" -mcpu=cortex-m4 -std=gnu11 -g3 -DUSE_HAL_DRIVER -DSTM32L476xx -c -I../Inc -I"D:/BITSILICA/SALMAN/Learning/STM32/STM32_Projects/STM32L476RG_Drivers/002_UART_Tx_Polling/Drivers/CMSIS/Include" -I"D:/BITSILICA/SALMAN/Learning/STM32/STM32_Projects/STM32L476RG_Drivers/002_UART_Tx_Polling/Drivers/CMSIS/Device/ST/STM32L4xx/Include" -I"D:/BITSILICA/SALMAN/Learning/STM32/STM32_Projects/STM32L476RG_Drivers/002_UART_Tx_Polling/Drivers/STM32L4xx_HAL_Driver/Inc" -O0 -ffunction-sections -fdata-sections -Wall -fstack-usage -fcyclomatic-complexity -MMD -MP -MF"Drivers/STM32L4xx_HAL_Driver/Src/stm32l4xx_hal_pwr.d" -MT"Drivers/STM32L4xx_HAL_Driver/Src/stm32l4xx_hal_pwr.o" --specs=nano.specs -mfpu=fpv4-sp-d16 -mfloat-abi=hard -mthumb -o "Drivers/STM32L4xx_HAL_Driver/Src/stm32l4xx_hal_pwr.o"
arm-none-eabi-gcc "../Drivers/STM32L4xx_HAL_Driver/Src/stm32l4xx_hal_pwr_ex.c" -mcpu=cortex-m4 -std=gnu11 -g3 -DUSE_HAL_DRIVER -DSTM32L476xx -c -I../Inc -I"D:/BITSILICA/SALMAN/Learning/STM32/STM32_Projects/STM32L476RG_Drivers/002_UART_Tx_Polling/Drivers/CMSIS/Include" -I"D:/BITSILICA/SALMAN/Learning/STM32/STM32_Projects/STM32L476RG_Drivers/002_UART_Tx_Polling/Drivers/CMSIS/Device/ST/STM32L4xx/Include" -I"D:/BITSILICA/SALMAN/Learning/STM32/STM32_Projects/STM32L476RG_Drivers/002_UART_Tx_Polling/Drivers/STM32L4xx_HAL_Driver/Inc" -O0 -ffunction-sections -fdata-sections -Wall -fstack-usage -fcyclomatic-complexity -MMD -MP -MF"Drivers/STM32L4xx_HAL_Driver/Src/stm32l4xx_hal_pwr_ex.d" -MT"Drivers/STM32L4xx_HAL_Driver/Src/stm32l4xx_hal_pwr_ex.o" --specs=nano.specs -mfpu=fpv4-sp-d16 -mfloat-abi=hard -mthumb -o "Drivers/STM32L4xx_HAL_Driver/Src/stm32l4xx_hal_pwr_ex.o"
arm-none-eabi-gcc "../Drivers/STM32L4xx_HAL_Driver/Src/stm32l4xx_hal_rcc.c" -mcpu=cortex-m4 -std=gnu11 -g3 -DUSE_HAL_DRIVER -DSTM32L476xx -c -I../Inc -I"D:/BITSILICA/SALMAN/Learning/STM32/STM32_Projects/STM32L476RG_Drivers/002_UART_Tx_Polling/Drivers/CMSIS/Include" -I"D:/BITSILICA/SALMAN/Learning/STM32/STM32_Projects/STM32L476RG_Drivers/002_UART_Tx_Polling/Drivers/CMSIS/Device/ST/STM32L4xx/Include" -I"D:/BITSILICA/SALMAN/Learning/STM32/STM32_Projects/STM32L476RG_Drivers/002_UART_Tx_Polling/Drivers/STM32L4xx_HAL_Driver/Inc" -O0 -ffunction-sections -fdata-sections -Wall -fstack-usage -fcyclomatic-complexity -MMD -MP -MF"Drivers/STM32L4xx_HAL_Driver/Src/stm32l4xx_hal_rcc.d" -MT"Drivers/STM32L4xx_HAL_Driver/Src/stm32l4xx_hal_rcc.o" --specs=nano.specs -mfpu=fpv4-sp-d16 -mfloat-abi=hard -mthumb -o "Drivers/STM32L4xx_HAL_Driver/Src/stm32l4xx_hal_rcc.o"
arm-none-eabi-gcc "../Drivers/STM32L4xx_HAL_Driver/Src/stm32l4xx_hal_rcc_ex.c" -mcpu=cortex-m4 -std=gnu11 -g3 -DUSE_HAL_DRIVER -DSTM32L476xx -c -I../Inc -I"D:/BITSILICA/SALMAN/Learning/STM32/STM32_Projects/STM32L476RG_Drivers/002_UART_Tx_Polling/Drivers/CMSIS/Include" -I"D:/BITSILICA/SALMAN/Learning/STM32/STM32_Projects/STM32L476RG_Drivers/002_UART_Tx_Polling/Drivers/CMSIS/Device/ST/STM32L4xx/Include" -I"D:/BITSILICA/SALMAN/Learning/STM32/STM32_Projects/STM32L476RG_Drivers/002_UART_Tx_Polling/Drivers/STM32L4xx_HAL_Driver/Inc" -O0 -ffunction-sections -fdata-sections -Wall -fstack-usage -fcyclomatic-complexity -MMD -MP -MF"Drivers/STM32L4xx_HAL_Driver/Src/stm32l4xx_hal_rcc_ex.d" -MT"Drivers/STM32L4xx_HAL_Driver/Src/stm32l4xx_hal_rcc_ex.o" --specs=nano.specs -mfpu=fpv4-sp-d16 -mfloat-abi=hard -mthumb -o "Drivers/STM32L4xx_HAL_Driver/Src/stm32l4xx_hal_rcc_ex.o"
arm-none-eabi-gcc "../Drivers/STM32L4xx_HAL_Driver/Src/stm32l4xx_hal_uart.c" -mcpu=cortex-m4 -std=gnu11 -g3 -DUSE_HAL_DRIVER -DSTM32L476xx -c -I../Inc -I"D:/BITSILICA/SALMAN/Learning/STM32/STM32_Projects/STM32L476RG_Drivers/002_UART_Tx_Polling/Drivers/CMSIS/Include" -I"D:/BITSILICA/SALMAN/Learning/STM32/STM32_Projects/STM32L476RG_Drivers/002_UART_Tx_Polling/Drivers/CMSIS/Device/ST/STM32L4xx/Include" -I"D:/BITSILICA/SALMAN/Learning/STM32/STM32_Projects/STM32L476RG_Drivers/002_UART_Tx_Polling/Drivers/STM32L4xx_HAL_Driver/Inc" -O0 -ffunction-sections -fdata-sections -Wall -fstack-usage -fcyclomatic-complexity -MMD -MP -MF"Drivers/STM32L4xx_HAL_Driver/Src/stm32l4xx_hal_uart.d" -MT"Drivers/STM32L4xx_HAL_Driver/Src/stm32l4xx_hal_uart.o" --specs=nano.specs -mfpu=fpv4-sp-d16 -mfloat-abi=hard -mthumb -o "Drivers/STM32L4xx_HAL_Driver/Src/stm32l4xx_hal_uart.o"
arm-none-eabi-gcc "../Drivers/STM32L4xx_HAL_Driver/Src/stm32l4xx_hal_uart_ex.c" -mcpu=cortex-m4 -std=gnu11 -g3 -DUSE_HAL_DRIVER -DSTM32L476xx -c -I../Inc -I"D:/BITSILICA/SALMAN/Learning/STM32/STM32_Projects/STM32L476RG_Drivers/002_UART_Tx_Polling/Drivers/CMSIS/Include" -I"D:/BITSILICA/SALMAN/Learning/STM32/STM32_Projects/STM32L476RG_Drivers/002_UART_Tx_Polling/Drivers/CMSIS/Device/ST/STM32L4xx/Include" -I"D:/BITSILICA/SALMAN/Learning/STM32/STM32_Projects/STM32L476RG_Drivers/002_UART_Tx_Polling/Drivers/STM32L4xx_HAL_Driver/Inc" -O0 -ffunction-sections -fdata-sections -Wall -fstack-usage -fcyclomatic-complexity -MMD -MP -MF"Drivers/STM32L4xx_HAL_Driver/Src/stm32l4xx_hal_uart_ex.d" -MT"Drivers/STM32L4xx_HAL_Driver/Src/stm32l4xx_hal_uart_ex.o" --specs=nano.specs -mfpu=fpv4-sp-d16 -mfloat-abi=hard -mthumb -o "Drivers/STM32L4xx_HAL_Driver/Src/stm32l4xx_hal_uart_ex.o"
arm-none-eabi-gcc "../Drivers/STM32L4xx_HAL_Driver/Src/stm32l4xx_hal_usart.c" -mcpu=cortex-m4 -std=gnu11 -g3 -DUSE_HAL_DRIVER -DSTM32L476xx -c -I../Inc -I"D:/BITSILICA/SALMAN/Learning/STM32/STM32_Projects/STM32L476RG_Drivers/002_UART_Tx_Polling/Drivers/CMSIS/Include" -I"D:/BITSILICA/SALMAN/Learning/STM32/STM32_Projects/STM32L476RG_Drivers/002_UART_Tx_Polling/Drivers/CMSIS/Device/ST/STM32L4xx/Include" -I"D:/BITSILICA/SALMAN/Learning/STM32/STM32_Projects/STM32L476RG_Drivers/002_UART_Tx_Polling/Drivers/STM32L4xx_HAL_Driver/Inc" -O0 -ffunction-sections -fdata-sections -Wall -fstack-usage -fcyclomatic-complexity -MMD -MP -MF"Drivers/STM32L4xx_HAL_Driver/Src/stm32l4xx_hal_usart.d" -MT"Drivers/STM32L4xx_HAL_Driver/Src/stm32l4xx_hal_usart.o" --specs=nano.specs -mfpu=fpv4-sp-d16 -mfloat-abi=hard -mthumb -o "Drivers/STM32L4xx_HAL_Driver/Src/stm32l4xx_hal_usart.o"
arm-none-eabi-gcc "../Drivers/STM32L4xx_HAL_Driver/Src/stm32l4xx_hal_usart_ex.c" -mcpu=cortex-m4 -std=gnu11 -g3 -DUSE_HAL_DRIVER -DSTM32L476xx -c -I../Inc -I"D:/BITSILICA/SALMAN/Learning/STM32/STM32_Projects/STM32L476RG_Drivers/002_UART_Tx_Polling/Drivers/CMSIS/Include" -I"D:/BITSILICA/SALMAN/Learning/STM32/STM32_Projects/STM32L476RG_Drivers/002_UART_Tx_Polling/Drivers/CMSIS/Device/ST/STM32L4xx/Include" -I"D:/BITSILICA/SALMAN/Learning/STM32/STM32_Projects/STM32L476RG_Drivers/002_UART_Tx_Polling/Drivers/STM32L4xx_HAL_Driver/Inc" -O0 -ffunction-sections -fdata-sections -Wall -fstack-usage -fcyclomatic-complexity -MMD -MP -MF"Drivers/STM32L4xx_HAL_Driver/Src/stm32l4xx_hal_usart_ex.d" -MT"Drivers/STM32L4xx_HAL_Driver/Src/stm32l4xx_hal_usart_ex.o" --specs=nano.specs -mfpu=fpv4-sp-d16 -mfloat-abi=hard -mthumb -o "Drivers/STM32L4xx_HAL_Driver/Src/stm32l4xx_hal_usart_ex.o"
arm-none-eabi-gcc -o "002_UART_Tx_Polling.elf" @"objects.list"   -mcpu=cortex-m4 -T"D:\BITSILICA\SALMAN\Learning\STM32\STM32_Projects\STM32L476RG_Drivers\002_UART_Tx_Polling\STM32L476RGTX_FLASH.ld" --specs=nosys.specs -Wl,-Map="002_UART_Tx_Polling.map" -Wl,--gc-sections -static --specs=nano.specs -mfpu=fpv4-sp-d16 -mfloat-abi=hard -mthumb -Wl,--start-group -lc -lm -Wl,--end-group
Finished building target: 002_UART_Tx_Polling.elf
 
arm-none-eabi-size  002_UART_Tx_Polling.elf 
arm-none-eabi-objdump -h -S 002_UART_Tx_Polling.elf  > "002_UART_Tx_Polling.list"
   text	   data	    bss	    dec	    hex	filename
   2516	     20	   1572	   4108	   100c	002_UART_Tx_Polling.elf
Finished building: default.size.stdout
 
Finished building: 002_UART_Tx_Polling.list
 
23:11:55 **** Incremental Build of configuration Debug for project 001_GPIO_IP_OP ****
make -j12 all 
arm-none-eabi-size  001_GPIO_IP_OP.elf 
   text	   data	    bss	    dec	    hex	filename
   2516	     20	   1572	   4108	   100c	001_GPIO_IP_OP.elf
Finished building: default.size.stdout
 
23:11:56 **** Incremental Build of configuration Debug for project 002_UART_Tx_Polling ****
make -j12 all 
arm-none-eabi-gcc "../Src/main.c" -mcpu=cortex-m4 -std=gnu11 -g3 -DUSE_HAL_DRIVER -DSTM32L476xx -c -I../Inc -I"D:/BITSILICA/SALMAN/Learning/STM32/STM32_Projects/STM32L476RG_Drivers/002_UART_Tx_Polling/Drivers/CMSIS/Include" -I"D:/BITSILICA/SALMAN/Learning/STM32/STM32_Projects/STM32L476RG_Drivers/002_UART_Tx_Polling/Drivers/CMSIS/Device/ST/STM32L4xx/Include" -I"D:/BITSILICA/SALMAN/Learning/STM32/STM32_Projects/STM32L476RG_Drivers/002_UART_Tx_Polling/Drivers/STM32L4xx_HAL_Driver/Inc" -O0 -ffunction-sections -fdata-sections -Wall -fstack-usage -fcyclomatic-complexity -MMD -MP -MF"Src/main.d" -MT"Src/main.o" --specs=nano.specs -mfpu=fpv4-sp-d16 -mfloat-abi=hard -mthumb -o "Src/main.o"
arm-none-eabi-gcc -o "002_UART_Tx_Polling.elf" @"objects.list"   -mcpu=cortex-m4 -T"D:\BITSILICA\SALMAN\Learning\STM32\STM32_Projects\STM32L476RG_Drivers\002_UART_Tx_Polling\STM32L476RGTX_FLASH.ld" --specs=nosys.specs -Wl,-Map="002_UART_Tx_Polling.map" -Wl,--gc-sections -static --specs=nano.specs -mfpu=fpv4-sp-d16 -mfloat-abi=hard -mthumb -Wl,--start-group -lc -lm -Wl,--end-group
Finished building target: 002_UART_Tx_Polling.elf
 
arm-none-eabi-size  002_UART_Tx_Polling.elf 
arm-none-eabi-objdump -h -S 002_UART_Tx_Polling.elf  > "002_UART_Tx_Polling.list"
   text	   data	    bss	    dec	    hex	filename
   1340	     20	   1572	   2932	    b74	002_UART_Tx_Polling.elf
Finished building: default.size.stdout
 
Finished building: 002_UART_Tx_Polling.list
 
00:10:19 **** Incremental Build of configuration Debug for project 001_GPIO_IP_OP ****
make -j12 all 
arm-none-eabi-size  001_GPIO_IP_OP.elf 
   text	   data	    bss	    dec	    hex	filename
   2516	     20	   1572	   4108	   100c	001_GPIO_IP_OP.elf
Finished building: default.size.stdout
 
00:10:20 **** Incremental Build of configuration Debug for project 002_UART_Tx_Polling ****
make -j12 all 
arm-none-eabi-gcc "../Src/main.c" -mcpu=cortex-m4 -std=gnu11 -g3 -DUSE_HAL_DRIVER -DSTM32L476xx -c -I../Inc -I"D:/BITSILICA/SALMAN/Learning/STM32/STM32_Projects/STM32L476RG_Drivers/002_UART_Tx_Polling/Drivers/CMSIS/Include" -I"D:/BITSILICA/SALMAN/Learning/STM32/STM32_Projects/STM32L476RG_Drivers/002_UART_Tx_Polling/Drivers/CMSIS/Device/ST/STM32L4xx/Include" -I"D:/BITSILICA/SALMAN/Learning/STM32/STM32_Projects/STM32L476RG_Drivers/002_UART_Tx_Polling/Drivers/STM32L4xx_HAL_Driver/Inc" -O0 -ffunction-sections -fdata-sections -Wall -fstack-usage -fcyclomatic-complexity -MMD -MP -MF"Src/main.d" -MT"Src/main.o" --specs=nano.specs -mfpu=fpv4-sp-d16 -mfloat-abi=hard -mthumb -o "Src/main.o"
arm-none-eabi-gcc -o "002_UART_Tx_Polling.elf" @"objects.list"   -mcpu=cortex-m4 -T"D:\BITSILICA\SALMAN\Learning\STM32\STM32_Projects\STM32L476RG_Drivers\002_UART_Tx_Polling\STM32L476RGTX_FLASH.ld" --specs=nosys.specs -Wl,-Map="002_UART_Tx_Polling.map" -Wl,--gc-sections -static --specs=nano.specs -mfpu=fpv4-sp-d16 -mfloat-abi=hard -mthumb -Wl,--start-group -lc -lm -Wl,--end-group
Finished building target: 002_UART_Tx_Polling.elf
 
arm-none-eabi-size  002_UART_Tx_Polling.elf 
arm-none-eabi-objdump -h -S 002_UART_Tx_Polling.elf  > "002_UART_Tx_Polling.list"
   text	   data	    bss	    dec	    hex	filename
   1340	     20	   1572	   2932	    b74	002_UART_Tx_Polling.elf
Finished building: default.size.stdout
 
Finished building: 002_UART_Tx_Polling.list
 
00:46:14 **** Incremental Build of configuration Debug for project 001_GPIO_IP_OP ****
make -j12 all 
arm-none-eabi-size  001_GPIO_IP_OP.elf 
   text	   data	    bss	    dec	    hex	filename
   2516	     20	   1572	   4108	   100c	001_GPIO_IP_OP.elf
Finished building: default.size.stdout
 
00:46:15 **** Incremental Build of configuration Debug for project 002_UART_Tx_Polling ****
make -j12 all 
arm-none-eabi-gcc "../Src/main.c" -mcpu=cortex-m4 -std=gnu11 -g3 -DUSE_HAL_DRIVER -DSTM32L476xx -c -I../Inc -I"D:/BITSILICA/SALMAN/Learning/STM32/STM32_Projects/STM32L476RG_Drivers/002_UART_Tx_Polling/Drivers/CMSIS/Include" -I"D:/BITSILICA/SALMAN/Learning/STM32/STM32_Projects/STM32L476RG_Drivers/002_UART_Tx_Polling/Drivers/CMSIS/Device/ST/STM32L4xx/Include" -I"D:/BITSILICA/SALMAN/Learning/STM32/STM32_Projects/STM32L476RG_Drivers/002_UART_Tx_Polling/Drivers/STM32L4xx_HAL_Driver/Inc" -O0 -ffunction-sections -fdata-sections -Wall -fstack-usage -fcyclomatic-complexity -MMD -MP -MF"Src/main.d" -MT"Src/main.o" --specs=nano.specs -mfpu=fpv4-sp-d16 -mfloat-abi=hard -mthumb -o "Src/main.o"
In file included from D:/BITSILICA/SALMAN/Learning/STM32/STM32_Projects/STM32L476RG_Drivers/002_UART_Tx_Polling/Drivers/CMSIS/Device/ST/STM32L4xx/Include/stm32l4xx.h:149,
                 from D:/BITSILICA/SALMAN/Learning/STM32/STM32_Projects/STM32L476RG_Drivers/002_UART_Tx_Polling/Drivers/STM32L4xx_HAL_Driver/Inc/stm32l4xx_hal_def.h:29,
                 from D:/BITSILICA/SALMAN/Learning/STM32/STM32_Projects/STM32L476RG_Drivers/002_UART_Tx_Polling/Drivers/STM32L4xx_HAL_Driver/Inc/stm32l4xx_hal_rcc.h:27,
                 from ../Inc/stm32l4xx_hal_conf.h:258,
                 from D:/BITSILICA/SALMAN/Learning/STM32/STM32_Projects/STM32L476RG_Drivers/002_UART_Tx_Polling/Drivers/STM32L4xx_HAL_Driver/Inc/stm32l4xx_hal.h:29,
                 from ../Src/main.c:20:
../Src/main.c: In function 'InitUart2':
D:/BITSILICA/SALMAN/Learning/STM32/STM32_Projects/STM32L476RG_Drivers/002_UART_Tx_Polling/Drivers/CMSIS/Device/ST/STM32L4xx/Include/stm32l476xx.h:1331:29: error: incompatible types when assigning to type 'UART_HandleTypeDef' {aka 'struct __UART_HandleTypeDef'} from type 'USART_TypeDef *'
 1331 | #define USART2              ((USART_TypeDef *) USART2_BASE)
      |                             ^
../Src/main.c:69:18: note: in expansion of macro 'USART2'
   69 |         tUart2 = USART2;
      |                  ^~~~~~
../Src/main.c:92:24: error: 'tUsart2' undeclared (first use in this function); did you mean 'tUart2'?
   92 |         HAL_UART_Init(&tUsart2);
      |                        ^~~~~~~
      |                        tUart2
../Src/main.c:92:24: note: each undeclared identifier is reported only once for each function it appears in
../Src/main.c:41:28: warning: variable 'tUart2' set but not used [-Wunused-but-set-variable]
   41 |         UART_HandleTypeDef tUart2 = {0};
      |                            ^~~~~~
make: *** [Src/subdir.mk:28: Src/main.o] Error 1
"make -j12 all" terminated with exit code 2. Build might be incomplete.
00:46:38 **** Incremental Build of configuration Debug for project 001_GPIO_IP_OP ****
make -j12 all 
arm-none-eabi-size  001_GPIO_IP_OP.elf 
   text	   data	    bss	    dec	    hex	filename
   2516	     20	   1572	   4108	   100c	001_GPIO_IP_OP.elf
Finished building: default.size.stdout
 
00:46:39 **** Incremental Build of configuration Debug for project 002_UART_Tx_Polling ****
make -j12 all 
arm-none-eabi-gcc "../Src/main.c" -mcpu=cortex-m4 -std=gnu11 -g3 -DUSE_HAL_DRIVER -DSTM32L476xx -c -I../Inc -I"D:/BITSILICA/SALMAN/Learning/STM32/STM32_Projects/STM32L476RG_Drivers/002_UART_Tx_Polling/Drivers/CMSIS/Include" -I"D:/BITSILICA/SALMAN/Learning/STM32/STM32_Projects/STM32L476RG_Drivers/002_UART_Tx_Polling/Drivers/CMSIS/Device/ST/STM32L4xx/Include" -I"D:/BITSILICA/SALMAN/Learning/STM32/STM32_Projects/STM32L476RG_Drivers/002_UART_Tx_Polling/Drivers/STM32L4xx_HAL_Driver/Inc" -O0 -ffunction-sections -fdata-sections -Wall -fstack-usage -fcyclomatic-complexity -MMD -MP -MF"Src/main.d" -MT"Src/main.o" --specs=nano.specs -mfpu=fpv4-sp-d16 -mfloat-abi=hard -mthumb -o "Src/main.o"
In file included from D:/BITSILICA/SALMAN/Learning/STM32/STM32_Projects/STM32L476RG_Drivers/002_UART_Tx_Polling/Drivers/CMSIS/Device/ST/STM32L4xx/Include/stm32l4xx.h:149,
                 from D:/BITSILICA/SALMAN/Learning/STM32/STM32_Projects/STM32L476RG_Drivers/002_UART_Tx_Polling/Drivers/STM32L4xx_HAL_Driver/Inc/stm32l4xx_hal_def.h:29,
                 from D:/BITSILICA/SALMAN/Learning/STM32/STM32_Projects/STM32L476RG_Drivers/002_UART_Tx_Polling/Drivers/STM32L4xx_HAL_Driver/Inc/stm32l4xx_hal_rcc.h:27,
                 from ../Inc/stm32l4xx_hal_conf.h:258,
                 from D:/BITSILICA/SALMAN/Learning/STM32/STM32_Projects/STM32L476RG_Drivers/002_UART_Tx_Polling/Drivers/STM32L4xx_HAL_Driver/Inc/stm32l4xx_hal.h:29,
                 from ../Src/main.c:20:
../Src/main.c: In function 'InitUart2':
D:/BITSILICA/SALMAN/Learning/STM32/STM32_Projects/STM32L476RG_Drivers/002_UART_Tx_Polling/Drivers/CMSIS/Device/ST/STM32L4xx/Include/stm32l476xx.h:1331:29: error: incompatible types when assigning to type 'UART_HandleTypeDef' {aka 'struct __UART_HandleTypeDef'} from type 'USART_TypeDef *'
 1331 | #define USART2              ((USART_TypeDef *) USART2_BASE)
      |                             ^
../Src/main.c:69:18: note: in expansion of macro 'USART2'
   69 |         tUart2 = USART2;
      |                  ^~~~~~
make: *** [Src/subdir.mk:28: Src/main.o] Error 1
"make -j12 all" terminated with exit code 2. Build might be incomplete.
00:47:34 **** Incremental Build of configuration Debug for project 001_GPIO_IP_OP ****
make -j12 all 
arm-none-eabi-size  001_GPIO_IP_OP.elf 
   text	   data	    bss	    dec	    hex	filename
   2516	     20	   1572	   4108	   100c	001_GPIO_IP_OP.elf
Finished building: default.size.stdout
 
00:47:34 **** Incremental Build of configuration Debug for project 002_UART_Tx_Polling ****
make -j12 all 
arm-none-eabi-gcc "../Src/main.c" -mcpu=cortex-m4 -std=gnu11 -g3 -DUSE_HAL_DRIVER -DSTM32L476xx -c -I../Inc -I"D:/BITSILICA/SALMAN/Learning/STM32/STM32_Projects/STM32L476RG_Drivers/002_UART_Tx_Polling/Drivers/CMSIS/Include" -I"D:/BITSILICA/SALMAN/Learning/STM32/STM32_Projects/STM32L476RG_Drivers/002_UART_Tx_Polling/Drivers/CMSIS/Device/ST/STM32L4xx/Include" -I"D:/BITSILICA/SALMAN/Learning/STM32/STM32_Projects/STM32L476RG_Drivers/002_UART_Tx_Polling/Drivers/STM32L4xx_HAL_Driver/Inc" -O0 -ffunction-sections -fdata-sections -Wall -fstack-usage -fcyclomatic-complexity -MMD -MP -MF"Src/main.d" -MT"Src/main.o" --specs=nano.specs -mfpu=fpv4-sp-d16 -mfloat-abi=hard -mthumb -o "Src/main.o"
arm-none-eabi-gcc -o "002_UART_Tx_Polling.elf" @"objects.list"   -mcpu=cortex-m4 -T"D:\BITSILICA\SALMAN\Learning\STM32\STM32_Projects\STM32L476RG_Drivers\002_UART_Tx_Polling\STM32L476RGTX_FLASH.ld" --specs=nosys.specs -Wl,-Map="002_UART_Tx_Polling.map" -Wl,--gc-sections -static --specs=nano.specs -mfpu=fpv4-sp-d16 -mfloat-abi=hard -mthumb -Wl,--start-group -lc -lm -Wl,--end-group
Finished building target: 002_UART_Tx_Polling.elf
 
arm-none-eabi-size  002_UART_Tx_Polling.elf 
arm-none-eabi-objdump -h -S 002_UART_Tx_Polling.elf  > "002_UART_Tx_Polling.list"
   text	   data	    bss	    dec	    hex	filename
   1340	     20	   1572	   2932	    b74	002_UART_Tx_Polling.elf
Finished building: default.size.stdout
 
Finished building: 002_UART_Tx_Polling.list
 
